******************************************************************************
                  TI ARM Linker PC v5.1.6                      
******************************************************************************
>> Linked Wed Jan 14 13:48:34 2015

OUTPUT FILE NAME:   <tcpEcho_TivaTM4C1294NCPDT.out>
ENTRY POINT SYMBOL: "_c_int00"  address: 000106b1


MEMORY CONFIGURATION

         name            origin    length      used     unused   attr    fill
----------------------  --------  ---------  --------  --------  ----  --------
  FLASH                 00000000   00100000  0001728d  000e8d73  R  X
  SRAM                  20000000   00040000  00010b50  0002f4b0  RW X


SEGMENT ALLOCATION MAP

run origin  load origin   length   init length attrs members
----------  ----------- ---------- ----------- ----- -------
00000000    00000000    00017290   00017290    r-x
  00000000    00000000    0000003c   0000003c    r-- .resetVecs
  0000003c    0000003c    000147cc   000147cc    r-x .text
  00014808    00014808    00002405   00002405    r-- .const
  00016c10    00016c10    00000680   00000680    r-- .cinit
20000000    20000000    00000360   00000000    rw-
  20000000    20000000    00000360   00000000    rw- .vecs
20000380    20000380    000107f0   00000000    rw-
  20000380    20000380    0000f548   00000000    rw- .bss
  2000f8c8    2000f8c8    00000aa8   00000000    rw- .data
  20010370    20010370    00000800   00000000    rw- .stack


SECTION ALLOCATION MAP

 output                                  attributes/
section   page    origin      length       input sections
--------  ----  ----------  ----------   ----------------
.bootVecs 
*          0    00000000    00000008     DSECT
                  00000000    00000008     boot.aem4f : boot.oem4f (.bootVecs)

.resetVecs 
*          0    00000000    0000003c     
                  00000000    0000003c     tcpEcho_pem4f.oem4f (.resetVecs)

xdc.meta   0    00000000    0000010a     COPY SECTION
                  00000000    0000010a     tcpEcho_pem4f.oem4f (xdc.meta)

.init_array 
*          0    00000000    00000000     UNINITIALIZED

.text      0    0000003c    000147cc     
                  0000003c    00000ec0     rtsv7M4_T_le_v4SPD16_eabi.lib : _printfi.obj (.text)
                  00000efc    00000c70     stk.aem4f : tcpin.oem4f (.text:TcpInput)
                  00001b6c    000008a0               : tcpout.oem4f (.text:TcpOutput)
                  0000240c    00000424     sysbios.aem4f : BIOS.obj (.text:ti_sysbios_family_arm_m3_Hwi_excDumpRegs__I)
                  00002830    00000408     stk.aem4f : ipout.oem4f (.text:IPTxPacket)
                  00002c38    00000384               : ipin.oem4f (.text:IPRxPacket)
                  00002fbc    0000033c     ti.targets.arm.rtsarm.aem4f : System.oem4f (.text:xdc_runtime_System_doPrint__I)
                  000032f8    00000310     rtsv7M4_T_le_v4SPD16_eabi.lib : lowlev.obj (.text)
                  00003608    00000300     sysbios.aem4f : BIOS.obj (.text:ti_sysbios_knl_Semaphore_pend__E)
                  00003908    000002d4     rtsv7M4_T_le_v4SPD16_eabi.lib : trgdrv.obj (.text)
                  00003bdc    000002d4     sysbios.aem4f : BIOS.obj (.text:ti_sysbios_knl_Task_Instance_finalize__E)
                  00003eb0    000002a0     rtsv7M4_T_le_v4SPD16_eabi.lib : vla_alloc.obj (.text)
                  00004150    0000026b     stk.aem4f : sock.oem4f (.text:SockSet)
                  000043bb    00000001     --HOLE-- [fill = 0]
                  000043bc    0000024c               : ipfrag.oem4f (.text:IPReasm)
                  00004608    00000248     sysbios.aem4f : BIOS.obj (.text:ti_sysbios_family_arm_lm4_Timer_start__E)
                  00004850    00000248                   : BIOS.obj (.text:ti_sysbios_heaps_HeapMem_free__E)
                  00004a98    0000023c     stk.aem4f : icmpin.oem4f (.text:ICMPInput)
                  00004cd4    00000234     sysbios.aem4f : BIOS.obj (.text:ti_sysbios_heaps_HeapMem_alloc__E)
                  00004f08    00000224     stk.aem4f : udp.oem4f (.text:UdpInput)
                  0000512c    0000020c     networkRove.obj (.text:networkFncRove)
                  00005338    0000020c     sysbios.aem4f : BIOS.obj (.text:ti_sysbios_family_arm_m3_Hwi_excHandlerMax__I)
                  00005544    00000204     Boot.aem4f : Boot_sysctl.oem4f (.text:ti_catalog_arm_cortexm4_tiva_ce_Boot_sysCtlClockFreqSetI__I)
                  00005748    000001fe     stk.aem4f : sock.oem4f (.text:SockRecv)
                  00005946    00000002     hal_userled_stub.aem4f : llled.oem4f (.text:LED_TOGGLE)
                  00005948    000001fc     sysbios.aem4f : BIOS.obj (.text:ti_sysbios_knl_Task_sleep__E)
                  00005b44    000001f4     rtsv7M4_T_le_v4SPD16_eabi.lib : ull_div_t2.obj (.text)
                  00005d38    000001e4     sysbios.aem4f : BIOS.obj (.text:ti_sysbios_knl_Task_Instance_init__E)
                  00005f1c    000001c0     rtsv7M4_T_le_v4SPD16_eabi.lib : fopen.obj (.text)
                  000060dc    000001b8     emac_tivaware.aem4f : EMACSnow.oem4f (.text:EMACSnow_NIMUInit)
                  00006294    000001b6     rtsv7M4_T_le_v4SPD16_eabi.lib : fd_add_t2.obj (.text)
                  0000644a    00000002     stk.aem4f : nat.oem4f (.text:NatMsg)
                  0000644c    000001b4               : lliout.oem4f (.text:LLITxIpPacket)
                  00006600    00000198               : lliin.oem4f (.text:LLIRxPacket)
                  00006798    00000198     os.aem4f : mem.oem4f (.text:mmAlloc)
                  00006930    00000194     stk.aem4f : sock.oem4f (.text:SockNew)
                  00006ac4    00000194     sysbios.aem4f : BIOS.obj (.text:ti_sysbios_knl_Task_setPri__E)
                  00006c58    00000190     stk.aem4f : igmp.oem4f (.text:IGMPInput)
                  00006de8    00000170               : rtc.oem4f (.text:RTCReport)
                  00006f58    00000168     sysbios.aem4f : BIOS.obj (.text:ti_sysbios_family_arm_m3_Hwi_excBusFault__I)
                  000070c0    00000166     stk.aem4f : sb.oem4f (.text:SBRead)
                  00007226    00000002     os.aem4f : task.oem4f (.text:_TaskInit)
                  00007228    00000164     stk.aem4f : sock.oem4f (.text:SockConnect)
                  0000738c    00000148     sysbios.aem4f : BIOS.obj (.text:ti_sysbios_family_arm_m3_Hwi_dispatchC__I)
                  000074d4    00000148                   : BIOS.obj (.text:ti_sysbios_family_arm_m3_Hwi_excUsageFault__I)
                  0000761c    00000144     stk.aem4f : bind.oem4f (.text:BindNew)
                  00007760    00000144     sysbios.aem4f : BIOS.obj (.text:ti_sysbios_knl_Semaphore_post__E)
                  000078a4    00000140     nettool_ipv4.aem4f : config.oem4f (.text:CfgAddEntry)
                  000079e4    00000140     netctrl_min_ipv4.aem4f : netctrl.oem4f (.text:NC_NetStart)
                  00007b24    00000140     stk.aem4f : tcp.oem4f (.text:TcpTimeoutCheck)
                  00007c64    00000140     sysbios.aem4f : BIOS.obj (.text:ti_sysbios_knl_Clock_workFunc__E)
                  00007da4    0000013c     stk.aem4f : sock.oem4f (.text:SockSend)
                  00007ee0    00000138     sysbios.aem4f : BIOS.obj (.text:ti_sysbios_heaps_HeapMem_Instance_init__E)
                  00008018    00000138                   : BIOS.obj (.text:ti_sysbios_knl_Task_exit__E)
                  00008150    00000136     rtsv7M4_T_le_v4SPD16_eabi.lib : fd_div_t2.obj (.text)
                  00008286    00000002     os.aem4f : task.oem4f (.text:_TaskShutdown)
                  00008288    00000134     rtsv7M4_T_le_v4SPD16_eabi.lib : fputs.obj (.text)
                  000083bc    00000134     sysbios.aem4f : BIOS.obj (.text:ti_sysbios_family_arm_m3_Hwi_excMemFault__I)
                  000084f0    00000130     driverlib.lib : gpio.obj (.text:GPIOPadConfigSet)
                  00008620    00000130     stk.aem4f : icmp.oem4f (.text:ICMPGenPacket)
                  00008750    0000012c     EK_TM4C1294XL.obj (.text:EK_TM4C1294XL_initEMAC)
                  0000887c    00000128     stk.aem4f : udp.oem4f (.text:UdpOutput)
                  000089a4    00000128     sysbios.aem4f : BIOS.obj (.text:ti_sysbios_knl_Swi_run__I)
                  00008acc    00000124     stk.aem4f : sockpcb.oem4f (.text:SockPcbResolve)
                  00008bf0    00000124     tcpEcho_pem4f.oem4f (.text:ti_ndk_config_Global_stackThread)
                  00008d14    00000124     sysbios.aem4f : BIOS.obj (.text:ti_sysbios_knl_Clock_Instance_init__E)
                  00008e38    00000120     nettool_ipv4.aem4f : dhcpmain.oem4f (.text:DHCPOpen)
                  00008f58    00000120     ti.targets.arm.rtsarm.aem4f : Error.oem4f (.text:xdc_runtime_Error_policyDefault__E)
                  00009078    00000118     stk.aem4f : sockint.oem4f (.text:SockNotify)
                  00009190    00000118               : tcpout.oem4f (.text:TcpGenPacket)
                  000092a8    00000114     sysbios.aem4f : BIOS.obj (.text:ti_sysbios_knl_Task_schedule__I)
                  000093bc    00000110     stk.aem4f : nimu.oem4f (.text:NIMUIoctl)
                  000094cc    00000110               : node.oem4f (.text:NodeTreeFree)
                  000095dc    00000110               : raw.oem4f (.text:RawInput)
                  000096ec    0000010c               : igmp.oem4f (.text:IGMPSendReply)
                  000097f8    0000010c               : route.oem4f (.text:RtCreate)
                  00009904    0000010c               : rtable.oem4f (.text:RtFind)
                  00009a10    00000104     ti.targets.arm.rtsarm.aem4f : Core-mem.oem4f (.text:xdc_runtime_Core_createObject__I)
                  00009b14    00000104     tcpEcho_pem4f.oem4f (.text:xdc_runtime_System_printfExtend__I)
                  00009c18    00000102     nettool_ipv4.aem4f : dhcppkt.oem4f (.text:dhcpPacketProcess)
                  00009d1a    00000100                        : inetaddr.oem4f (.text:inet_aton)
                  00009e1a    000000fe     stk.aem4f : pipe.oem4f (.text:PipeRecv)
                  00009f18    000000fc     rtsv7M4_T_le_v4SPD16_eabi.lib : fd_mul_t2.obj (.text)
                  0000a014    000000fc     sysbios.aem4f : BIOS.obj (.text:ti_sysbios_knl_Task_postInit__I)
                  0000a110    000000fc                   : BIOS.obj (.text:ti_sysbios_knl_Task_startCore__E)
                  0000a20c    000000fc     ti.targets.arm.rtsarm.aem4f : Startup.oem4f (.text:xdc_runtime_Startup_startMods__I)
                  0000a308    000000f8     emac_tivaware.aem4f : EMACSnow.oem4f (.text:EMACSnow_emacStart)
                  0000a400    000000f4     sysbios.aem4f : m3_Hwi_asm.obj (.text:ti_sysbios_family_arm_m3_Hwi_dispatch__I)
                  0000a4f4    000000f0     stk.aem4f : lliout.oem4f (.text:LLIGenArpPacket)
                  0000a5e4    000000ee               : sock.oem4f (.text:SockClose)
                  0000a6d2    00000002     hal_ser_stub.aem4f : llserstb.oem4f (.text:_llSerialServiceCheck)
                  0000a6d4    000000e8     os.aem4f : task.oem4f (.text:llEnter)
                  0000a7bc    000000e2     nettool_ipv4.aem4f : dhcpsock.oem4f (.text:dhcpSocketOpen)
                  0000a89e    00000002     hal_ser_stub.aem4f : llserstb.oem4f (.text:_llSerialShutdown)
                  0000a8a0    000000dc     stk.aem4f : sb.oem4f (.text:SBWrite)
                  0000a97c    000000dc     rtsv7M4_T_le_v4SPD16_eabi.lib : setvbuf.obj (.text)
                  0000aa58    000000dc     sysbios.aem4f : BIOS.obj (.text:ti_sysbios_knl_Swi_Instance_init__E)
                  0000ab34    000000da     nettool_ipv4.aem4f : dhcpsm.oem4f (.text:dhcpState)
                  0000ac0e    00000002     hal_userled_stub.aem4f : llled.oem4f (.text:_llUserLedInit)
                  0000ac10    000000d8     stk.aem4f : node.oem4f (.text:NodeAdd)
                  0000ace8    000000d5               : nimu.oem4f (.text:NIMUReceivePacket)
                  0000adbd    00000001     --HOLE-- [fill = 0]
                  0000adbe    00000002     hal_userled_stub.aem4f : llled.oem4f (.text:_llUserLedShutdown)
                  0000adc0    000000d4     emac_tivaware.aem4f : EMACSnow.oem4f (.text:EMACSnow_handleRx)
                  0000ae94    000000d4     stk.aem4f : sockpcb.oem4f (.text:SockPcbBind)
                  0000af68    000000d4               : tcptime.oem4f (.text:TcpTimeoutRexmt)
                  0000b03c    000000d4     sysbios.aem4f : BIOS.obj (.text:ti_sysbios_family_arm_m3_Hwi_postInit__I)
                  0000b110    000000d2     stk.aem4f : tcpprot.oem4f (.text:TcpPrSetOption)
                  0000b1e2    000000ce     nettool_ipv4.aem4f : dhcpsm.oem4f (.text:dhcpIPAdd)
                  0000b2b0    000000cc     stk.aem4f : icmp.oem4f (.text:ICMPSendRtAdv)
                  0000b37c    000000cc     nettool_ipv4.aem4f : dhcpbild.oem4f (.text:dhcpBuildHeader)
                  0000b448    000000cc     ti.targets.arm.rtsarm.aem4f : Core-smem.oem4f (.text:xdc_runtime_Core_constructObject__I)
                  0000b514    000000ca     nettool_ipv4.aem4f : dhcppkt.oem4f (.text:dhcpVerifyMessage)
                  0000b5de    00000002     hal_ser_stub.aem4f : llserstb.oem4f (.text:llSerialService)
                  0000b5e0    000000c8     stk.aem4f : rawethsock.oem4f (.text:RawEthSockNew)
                  0000b6a8    000000c4     emac_tivaware.aem4f : EMACSnow.oem4f (.text:EMACSnow_InitDMADescriptors)
                  0000b76c    000000c4     stk.aem4f : igmp.oem4f (.text:IGMPJoinHostGroup)
                  0000b830    000000c4     sysbios.aem4f : BIOS.obj (.text:ti_sysbios_knl_Task_unblockI__E)
                  0000b8f4    000000c0     netctrl_min_ipv4.aem4f : netctrl.oem4f (.text:NetScheduler)
                  0000b9b4    000000c0     nettool_ipv4.aem4f : dhcpsm.oem4f (.text:StateBound)
                  0000ba74    000000c0     rtsv7M4_T_le_v4SPD16_eabi.lib : fflush.obj (.text)
                  0000bb34    000000bc     stk.aem4f : sockpcb.oem4f (.text:SockPcbFind)
                  0000bbf0    000000bc     os.aem4f : task.oem4f (.text:TaskGetEnv)
                  0000bcac    000000b8     EK_TM4C1294XL.obj (.text:EK_TM4C1294XL_initGeneral)
                  0000bd64    000000b8     stk.aem4f : icmpin.oem4f (.text:ICMPRevSrcRoute)
                  0000be1c    000000b8     os.aem4f : task.oem4f (.text:TaskSetEnv)
                  0000bed4    000000b4     sysbios.aem4f : BIOS.obj (.text:ti_sysbios_family_arm_lm4_Timer_enableTiva__I)
                  0000bf88    000000b4                   : BIOS.obj (.text:ti_sysbios_gates_GateMutex_enter__E)
                  0000c03c    000000b4                   : BIOS.obj (.text:ti_sysbios_knl_Swi_post__E)
                  0000c0f0    000000b4                   : BIOS.obj (.text:ti_sysbios_knl_Task_checkStacks__E)
                  0000c1a4    000000b0     stk.aem4f : rawethsock.oem4f (.text:RawEthSockSet)
                  0000c254    000000b0     netctrl_min_ipv4.aem4f : netsrv.oem4f (.text:SPIpNet)
                  0000c304    000000b0     stk.aem4f : sockint.oem4f (.text:SockCreatePacket)
                  0000c3b4    000000b0               : lli.oem4f (.text:_LLITimeoutCheck)
                  0000c464    000000b0     sysbios.aem4f : BIOS.obj (.text:ti_sysbios_family_arm_lm4_Timer_Module_startup__E)
                  0000c514    000000b0                   : BIOS.obj (.text:ti_sysbios_family_arm_lm4_Timer_enableTimers__I)
                  0000c5c4    000000b0                   : BIOS.obj (.text:ti_sysbios_family_arm_m3_Hwi_excHardFault__I)
                  0000c674    000000ac     stk.aem4f : rtable.oem4f (.text:RtTimeoutCheck)
                  0000c720    000000ac     rtsv7M4_T_le_v4SPD16_eabi.lib : _io_perm.obj (.text)
                  0000c7cc    000000ac     tcpEcho_pem4f.oem4f (.text:ti_ndk_config_ip_init)
                  0000c878    000000a8     stk.aem4f : tcptime.oem4f (.text:TcpTimeoutKeep)
                  0000c920    000000a8     sysbios.aem4f : BIOS.obj (.text:ti_sysbios_knl_Task_blockI__E)
                  0000c9c8    000000a4     stk.aem4f : vlan.oem4f (.text:VLANDeinit)
                  0000ca6c    000000a4     sysbios.aem4f : BIOS.obj (.text:ti_sysbios_family_arm_m3_Hwi_excDebugMon__I)
                  0000cb10    000000a0     auto_init.aem4f : auto_init.oem4f (.text)
                  0000cbb0    000000a0     sysbios.aem4f : BIOS.obj (.text:ti_sysbios_family_arm_m3_Hwi_Instance_init__E)
                  0000cc50    0000009c     stk.aem4f : exec.oem4f (.text:ExecOpen)
                  0000ccec    0000009c     netctrl_min_ipv4.aem4f : netsrv.oem4f (.text:ServiceScan)
                  0000cd88    0000009c     rtsv7M4_T_le_v4SPD16_eabi.lib : fputc.obj (.text)
                  0000ce24    0000009c                                   : memcpy_t2.obj (.text)
                  0000cec0    0000009c     sysbios.aem4f : BIOS.obj (.text:ti_sysbios_family_arm_lm4_Timer_setNextTick__E)
                  0000cf5c    0000009c                   : BIOS.obj (.text:ti_sysbios_knl_Semaphore_Instance_init__E)
                  0000cff8    0000009a     ti.targets.arm.rtsarm.aem4f : Text.oem4f (.text:xdc_runtime_Text_putSite__E)
                  0000d092    00000002     tcpEcho_pem4f.oem4f (.text:ti_ndk_config_Global_NetworkClose)
                  0000d094    00000098     stk.aem4f : ip.oem4f (.text:IPGetRoute)
                  0000d12c    00000098     netctrl_min_ipv4.aem4f : netctrl.oem4f (.text:NC_SystemOpen)
                  0000d1c4    00000098     rtsv7M4_T_le_v4SPD16_eabi.lib : fclose.obj (.text)
                  0000d25c    00000098     sysbios.aem4f : BIOS.obj (.text:ti_sysbios_knl_Clock_startI__E)
                  0000d2f4    00000096     stk.aem4f : nimu.oem4f (.text:NIMUAddEthernetHeader)
                  0000d38a    00000002     tcpEcho_pem4f.oem4f (.text:ti_ndk_config_Global_NetworkOpen)
                  0000d38c    00000096     tcpEcho.obj (.text:main)
                  0000d422    00000002     tcpEcho_pem4f.oem4f (.text:ti_sysbios_BIOS_nullFunc__I)
                  0000d424    00000094     nettool_ipv4.aem4f : config.oem4f (.text:CfgExecute)
                  0000d4b8    00000094                        : config.oem4f (.text:CfgRemoveEntry)
                  0000d54c    00000094     Boot.aem4f : Boot.oem4f (.text:ti_catalog_arm_cortexm4_tiva_ce_Boot_sysCtlClockFreqSet__E)
                  0000d5e0    00000094     ti.targets.arm.rtsarm.aem4f : Text.oem4f (.text:xdc_runtime_Text_putMod__E)
                  0000d674    00000090     stk.aem4f : igmp.oem4f (.text:IGMPMsg)
                  0000d704    00000090               : sockpcb.oem4f (.text:SockPcbCtlError)
                  0000d794    00000090     os.aem4f : mem.oem4f (.text:_mmInit)
                  0000d824    00000090              : mem.oem4f (.text:mmBulkAlloc)
                  0000d8b4    0000008e     nettool_ipv4.aem4f : dhcpbild.oem4f (.text:dhcpBuildRequest)
                  0000d942    00000002     sysbios.aem4f : BIOS.obj (.text:ti_sysbios_gates_GateHwi_Instance_init__E)
                  0000d944    0000008c     os.aem4f : mem.oem4f (.text:mmInitPage)
                  0000d9d0    0000008c     sysbios.aem4f : m3_TaskSupport_asm.obj (.text:ti_sysbios_family_arm_m3_TaskSupport_buildTaskStack)
                  0000da5c    0000008a     netctrl_min_ipv4.aem4f : netsrv.oem4f (.text:SPRoute)
                  0000dae6    00000002     tcpEcho_pem4f.oem4f (.text:xdc_runtime_Startup_reset__I)
                  0000dae8    00000088     sysbios.aem4f : BIOS.obj (.text:ti_sysbios_family_arm_m3_Hwi_initNVIC__E)
                  0000db70    00000086     nettool_ipv4.aem4f : dhcpsm.oem4f (.text:StateRequesting)
                  0000dbf6    00000086     rtsv7M4_T_le_v4SPD16_eabi.lib : fd_cmp_t2.obj (.text:__aeabi_cdcmple)
                  0000dc7c    00000086                                   : fd_cmp_t2.obj (.text:__aeabi_cdrcmple)
                  0000dd02    00000002     --HOLE-- [fill = 0]
                  0000dd04    00000084     stk.aem4f : tcpprot.oem4f (.text:TcpPrAttach)
                  0000dd88    00000084     os.aem4f : mem.oem4f (.text:mmBulkFree)
                  0000de0c    00000084     sysbios.aem4f : BIOS.obj (.text:ti_sysbios_knl_Task_Module_startup__E)
                  0000de90    00000082     nettool_ipv4.aem4f : dhcpsm.oem4f (.text:StateRenewRebind)
                  0000df12    00000002     --HOLE-- [fill = 0]
                  0000df14    00000080     stk.aem4f : ip.oem4f (.text:IPMsg)
                  0000df94    00000080     netctrl_min_ipv4.aem4f : netsrv.oem4f (.text:NS_BootTask)
                  0000e014    00000080     stk.aem4f : pbm.oem4f (.text:PBM_alloc)
                  0000e094    00000080               : raw.oem4f (.text:RawOutput)
                  0000e114    00000080     netctrl_min_ipv4.aem4f : netsrv.oem4f (.text:ServiceSpawn)
                  0000e194    00000080     os.aem4f : mem.oem4f (.text:mmFree)
                  0000e214    0000007f     tcpEcho_pem4f.oem4f (.text:ti_ndk_config_Global_NetworkIPAddr)
                  0000e293    00000001     --HOLE-- [fill = 0]
                  0000e294    0000007e     stk.aem4f : fileuser.oem4f (.text:fdClose)
                  0000e312    00000002     --HOLE-- [fill = 0]
                  0000e314    0000007c     nettool_ipv4.aem4f : config.oem4f (.text:CfgGetEntry)
                  0000e390    0000007c                        : config.oem4f (.text:CfgGetNextEntry)
                  0000e40c    0000007c     emac_tivaware.aem4f : EMACSnow.oem4f (.text:EMACSnow_processPendingTx)
                  0000e488    0000007c                         : EMACSnow.oem4f (.text:EMACSnow_processPhyInterrupt)
                  0000e504    0000007c     stk.aem4f : nimu.oem4f (.text:NIMURegister)
                  0000e580    0000007c               : pbm.oem4f (.text:PBM_free)
                  0000e5fc    0000007c               : socket.oem4f (.text:setsockopt)
                  0000e678    0000007a               : igmp.oem4f (.text:IGMPDoMCast)
                  0000e6f2    00000002     --HOLE-- [fill = 0]
                  0000e6f4    00000078     driverlib.lib : emac.obj (.text:EMACInit)
                  0000e76c    00000078     stk.aem4f : lli.oem4f (.text:LLINew)
                  0000e7e4    00000078               : sock.oem4f (.text:SockAccept)
                  0000e85c    00000078               : tcptime.oem4f (.text:TcpXmitTimer)
                  0000e8d4    00000078               : fileuser.oem4f (.text:fdOpenSession)
                  0000e94c    00000078     rtsv7M4_T_le_v4SPD16_eabi.lib : memset_t2.obj (.text)
                  0000e9c4    00000078     stk.aem4f : socket.oem4f (.text:sendto)
                  0000ea3c    00000076               : pipe.oem4f (.text:PipeSend)
                  0000eab2    00000002     --HOLE-- [fill = 0]
                  0000eab4    00000074               : nimu.oem4f (.text:NIMUShutdown)
                  0000eb28    00000074               : raweth.oem4f (.text:RawEthRxPacket)
                  0000eb9c    00000074               : sockpcb.oem4f (.text:SockPcbConnect)
                  0000ec10    00000072               : igmp.oem4f (.text:IGMPJoin)
                  0000ec82    00000002     --HOLE-- [fill = 0]
                  0000ec84    00000072               : rtable.oem4f (.text:RtWalkNext)
                  0000ecf6    00000002     --HOLE-- [fill = 0]
                  0000ecf8    00000072     os.aem4f : semaphore.oem4f (.text:SemCreateBinary)
                  0000ed6a    00000002     --HOLE-- [fill = 0]
                  0000ed6c    00000070     emac_tivaware.aem4f : EMACSnow.oem4f (.text:EMACSnow_hwiIntFxn)
                  0000eddc    00000070     stk.aem4f : igmp.oem4f (.text:IGMPLeaveHostGroup)
                  0000ee4c    00000070               : rtable.oem4f (.text:RtFlush)
                  0000eebc    00000070               : sock.oem4f (.text:SockShutdown)
                  0000ef2c    00000070     nettool_ipv4.aem4f : dhcptags.oem4f (.text:dhcpDecodeType)
                  0000ef9c    00000070     os.aem4f : task.oem4f (.text:llExit)
                  0000f00c    00000070     stk.aem4f : socket.oem4f (.text:send)
                  0000f07c    00000070     ti.targets.arm.rtsarm.aem4f : Memory.oem4f (.text:xdc_runtime_Memory_alloc__E)
                  0000f0ec    0000006e     stk.aem4f : socket.oem4f (.text:recv)
                  0000f15a    00000002     --HOLE-- [fill = 0]
                  0000f15c    0000006d               : node.oem4f (.text:NodeNew)
                  0000f1c9    00000003     --HOLE-- [fill = 0]
                  0000f1cc    0000006c     os.aem4f : ossys.oem4f (.text:DbgPrintf)
                  0000f238    0000006c     emac_tivaware.aem4f : EMACSnow.oem4f (.text:EMACSnow_emacStop)
                  0000f2a4    0000006c     stk.aem4f : node.oem4f (.text:NodeTreeNew)
                  0000f310    0000006c               : raweth.oem4f (.text:RawEthTxPacket)
                  0000f37c    0000006c               : sock.oem4f (.text:SockListen)
                  0000f3e8    0000006c     rtsv7M4_T_le_v4SPD16_eabi.lib : fprintf.obj (.text)
                  0000f454    0000006c     tcpEcho_pem4f.oem4f (.text:ti_sysbios_family_arm_m3_Hwi_Object__create__S)
                  0000f4c0    0000006c     sysbios.aem4f : BIOS.obj (.text:ti_sysbios_knl_Clock_start__E)
                  0000f52c    0000006c     ti.targets.arm.rtsarm.aem4f : Error.oem4f (.text:xdc_runtime_Error_print__E)
                  0000f598    0000006a     stk.aem4f : tcpprot.oem4f (.text:TcpPrInherit)
                  0000f602    0000006a               : rtable.oem4f (.text:_RtNodeInsert)
                  0000f66c    0000006a               : socket.oem4f (.text:accept)
                  0000f6d6    00000002     --HOLE-- [fill = 0]
                  0000f6d8    00000068               : pbm.oem4f (.text:PBM_open)
                  0000f740    00000068     netctrl_min_ipv4.aem4f : netsrv.oem4f (.text:SPConfig)
                  0000f7a8    00000068     stk.aem4f : sockpcb.oem4f (.text:SockPcbFindRaw)
                  0000f810    00000068               : udp.oem4f (.text:UdpChecksum)
                  0000f878    00000068     hal_timer_bios.aem4f : lltimer.oem4f (.text:llTimerTick)
                  0000f8e0    00000068     stk.aem4f : socket.oem4f (.text:socket)
                  0000f948    00000066     ti.targets.arm.rtsarm.aem4f : Core-mem.oem4f (.text:xdc_runtime_Core_deleteObject__I)
                  0000f9ae    00000002     --HOLE-- [fill = 0]
                  0000f9b0    00000065     stk.aem4f : tcptime.oem4f (.text:TcpTimeoutSackRexmt)
                  0000fa15    00000003     --HOLE-- [fill = 0]
                  0000fa18    00000064     nettool_ipv4.aem4f : config.oem4f (.text:CfgFree)
                  0000fa7c    00000064     stk.aem4f : pbm.oem4f (.text:PBMQ_enq)
                  0000fae0    00000064     rtsv7M4_T_le_v4SPD16_eabi.lib : fseek.obj (.text)
                  0000fb44    00000064     sysbios.aem4f : BIOS.obj (.text:ti_sysbios_family_arm_lm4_Timer_isrStub__E)
                  0000fba8    00000064     tcpEcho_pem4f.oem4f (.text:ti_sysbios_hal_Hwi_create)
                  0000fc0c    00000062     stk.aem4f : ipin.oem4f (.text:IPRouteIP)
                  0000fc6e    00000002     --HOLE-- [fill = 0]
                  0000fc70    00000062               : sb.oem4f (.text:SBNew)
                  0000fcd2    00000002     --HOLE-- [fill = 0]
                  0000fcd4    00000060     nettool_ipv4.aem4f : config.oem4f (.text:CfgGetEntryCnt)
                  0000fd34    00000060     stk.aem4f : file.oem4f (.text:FdWaitEvent)
                  0000fd94    00000060               : node.oem4f (.text:NodeFind)
                  0000fdf4    00000060               : rtc.oem4f (.text:RTCMsg)
                  0000fe54    00000060               : tcp.oem4f (.text:TcpChecksum)
                  0000feb4    00000060     nettool_ipv4.aem4f : dhcptags.oem4f (.text:dhcpBuildOptions)
                  0000ff14    00000060     rtsv7M4_T_le_v4SPD16_eabi.lib : trgmsg.obj (.text)
                  0000ff74    00000060     sysbios.aem4f : BIOS.obj (.text:ti_sysbios_knl_Clock_logTick__E)
                  0000ffd4    00000060                   : BIOS.obj (.text:ti_sysbios_knl_Swi_schedule__I)
                  00010034    00000060     stk.aem4f : lliin.oem4f (.text:updateRtTable)
                  00010094    00000060     ti.targets.arm.rtsarm.aem4f : System.oem4f (.text:xdc_runtime_System_formatNum__I)
                  000100f4    0000005e     stk.aem4f : route.oem4f (.text:RtRemove)
                  00010152    0000005e     nettool_ipv4.aem4f : dhcpsm.oem4f (.text:StateSelecting)
                  000101b0    0000005e     rtsv7M4_T_le_v4SPD16_eabi.lib : copy_decompress_rle.obj (.text)
                  0001020e    00000002     --HOLE-- [fill = 0]
                  00010210    0000005c     nettool_ipv4.aem4f : config.oem4f (.text:CfgSetExecuteOrder)
                  0001026c    0000005c     stk.aem4f : nimu.oem4f (.text:NIMUIoctlSpecialCmd)
                  000102c8    0000005c               : sockint.oem4f (.text:SockSpawnAbort)
                  00010324    0000005c               : vlan.oem4f (.text:VLANReceivePacket)
                  00010380    0000005c     tcpEcho_pem4f.oem4f (.text:ti_sysbios_knl_Swi_create)
                  000103dc    0000005c     tcpEcho_pem4f.oem4f (.text:ti_sysbios_knl_Task_create)
                  00010438    0000005b     ti.targets.arm.rtsarm.aem4f : Text.oem4f (.text:xdc_runtime_Text_putLab__E)
                  00010493    00000001     --HOLE-- [fill = 0]
                  00010494    0000005a     stk.aem4f : route.oem4f (.text:RtRedirect)
                  000104ee    0000005a               : tcpprot.oem4f (.text:TcpValidateMetrics)
                  00010548    0000005a     nettool_ipv4.aem4f : dhcpbild.oem4f (.text:dhcpBuildDecline)
                  000105a2    0000005a     rtsv7M4_T_le_v4SPD16_eabi.lib : ltoa.obj (.text)
                  000105fc    0000005a     tcpEcho_pem4f.oem4f (.text:ti_ndk_config_tcp_init)
                  00010656    00000002     --HOLE-- [fill = 0]
                  00010658    00000058     stk.aem4f : bind.oem4f (.text:BindFree)
                  000106b0    00000058     boot.aem4f : boot.oem4f (.text)
                  00010708    00000058     driverlib.lib : emac.obj (.text:EMACPHYConfigSet)
                  00010760    00000058     stk.aem4f : igmp.oem4f (.text:IGMPTimer)
                  000107b8    00000058     netctrl_min_ipv4.aem4f : netsrv.oem4f (.text:SPService)
                  00010810    00000058     os.aem4f : semaphore.oem4f (.text:SemCreate)
                  00010868    00000058     sysbios.aem4f : m3_Hwi_asm_switch.obj (.text:ti_sysbios_family_arm_m3_Hwi_initStacks__E)
                  000108c0    00000058                   : BIOS.obj (.text:ti_sysbios_knl_Swi_restoreHwi__E)
                  00010918    00000054     nettool_ipv4.aem4f : config.oem4f (.text:CfgEntryDeRef)
                  0001096c    00000054     stk.aem4f : igmp.oem4f (.text:IGMPLeave)
                  000109c0    00000054               : rawethsock_pcb.oem4f (.text:RawEthSockPcbAttach)
                  00010a14    00000054     os.aem4f : mem.oem4f (.text:mmCopy)
                  00010a68    00000054     sysbios.aem4f : BIOS.obj (.text:ti_sysbios_family_arm_m3_Hwi_Instance_finalize__E)
                  00010abc    00000054                   : BIOS.obj (.text:ti_sysbios_family_arm_m3_Hwi_Module_startup__E)
                  00010b10    00000054                   : BIOS.obj (.text:ti_sysbios_knl_Swi_Instance_finalize__E)
                  00010b64    00000050     stk.aem4f : route.oem4f (.text:RtNew)
                  00010bb4    00000050     driverlib.lib : sysctl.obj (.text:SysCtlPeripheralReset)
                  00010c04    00000050     stk.aem4f : tcpprot.oem4f (.text:TcpPrDetach)
                  00010c54    00000050     Boot.aem4f : Boot_sysctl.oem4f (.text:_SysCtlFrequencyGet)
                  00010ca4    00000050     stk.aem4f : socket.oem4f (.text:bind)
                  00010cf4    00000050     sysbios.aem4f : BIOS.obj (.text:ti_sysbios_knl_Task_deleteTerminatedTasksFunc__I)
                  00010d44    00000050     ti.targets.arm.rtsarm.aem4f : Startup.oem4f (.text:xdc_runtime_Startup_exec__E)
                  00010d94    00000050                                 : Text.oem4f (.text:xdc_runtime_Text_visitRope2__I)
                  00010de4    0000004e     stk.aem4f : node.oem4f (.text:NodeDeRef)
                  00010e32    00000002     --HOLE-- [fill = 0]
                  00010e34    0000004c     nettool_ipv4.aem4f : ipaddr.oem4f (.text:NtAddNetwork)
                  00010e80    0000004c     stk.aem4f : sockint.oem4f (.text:SockValidateRoute)
                  00010ecc    0000004c               : file.oem4f (.text:fdint_lockfd)
                  00010f18    0000004c     rtsv7M4_T_le_v4SPD16_eabi.lib : atoi.obj (.text)
                  00010f64    0000004c     sysbios.aem4f : BIOS.obj (.text:ti_sysbios_knl_Swi_runLoop__I)
                  00010fb0    0000004c                   : BIOS.obj (.text:ti_sysbios_knl_Task_allBlockedFunction__I)
                  00010ffc    0000004a     stk.aem4f : sock.oem4f (.text:SockDisconnect)
                  00011046    00000002     --HOLE-- [fill = 0]
                  00011048    0000004a               : timer.oem4f (.text:TimerNew)
                  00011092    0000004a     nettool_ipv4.aem4f : config.oem4f (.text:_CfgEntryScan)
                  000110dc    00000048                        : config.oem4f (.text:CfgNew)
                  00011124    00000048     emac_tivaware.aem4f : EMACSnow.oem4f (.text:EMACSnow_processTransmitted)
                  0001116c    00000048     driverlib.lib : gpio.obj (.text:GPIOPinConfigure)
                  000111b4    00000048     stk.aem4f : lli.oem4f (.text:LLIMsg)
                  000111fc    00000048               : node.oem4f (.text:NodeWalk)
                  00011244    00000048               : sockpcb.oem4f (.text:SockPcbResolveChain)
                  0001128c    00000048               : tcpprot.oem4f (.text:TcpDrop)
                  000112d4    00000048               : tcptime.oem4f (.text:TcpTimeoutPersist)
                  0001131c    00000048               : lli.oem4f (.text:_LLIExpListInsert)
                  00011364    00000048               : rtable.oem4f (.text:_RtExpListInsert)
                  000113ac    00000048     rtsv7M4_T_le_v4SPD16_eabi.lib : fd_toi_t2.obj (.text)
                  000113f4    00000048     sysbios.aem4f : BIOS.obj (.text:ti_sysbios_family_arm_m3_Hwi_excReserved__I)
                  0001143c    00000048                   : BIOS.obj (.text:ti_sysbios_heaps_HeapMem_getStats__E)
                  00011484    00000048     ti.targets.arm.rtsarm.aem4f : Assert.oem4f (.text:xdc_runtime_Assert_raise__I)
                  000114cc    00000046     nettool_ipv4.aem4f : ipaddr.oem4f (.text:NtIfIdx2Ip)
                  00011512    00000046     stk.aem4f : rawethsock.oem4f (.text:RawEthSockSend)
                  00011558    00000046     netctrl_min_ipv4.aem4f : netsrv.oem4f (.text:ServiceKill)
                  0001159e    00000046     ti.targets.arm.rtsarm.aem4f : Core-params.oem4f (.text:xdc_runtime_Core_assignParams__I)
                  000115e4    00000044     stk.aem4f : ipfrag.oem4f (.text:IPReasmFree)
                  00011628    00000044               : lli.oem4f (.text:LLIGetValidTime)
                  0001166c    00000044               : rawethsock_pcb.oem4f (.text:RawEthSockPcbDetach)
                  000116b0    00000044               : rtable.oem4f (.text:RouteMsg)
                  000116f4    00000044               : rtable.oem4f (.text:RtWalkEnd)
                  00011738    00000044               : timer.oem4f (.text:TimerListInsert)
                  0001177c    00000044     hal_timer_bios.aem4f : lltimer.oem4f (.text:llTimerGetTime)
                  000117c0    00000044     rtsv7M4_T_le_v4SPD16_eabi.lib : cpy_tbl.obj (.text)
                  00011804    00000044                                   : exit.obj (.text)
                  00011848    00000044                                   : xdtest.obj (.text)
                  0001188c    00000044     sysbios.aem4f : BIOS.obj (.text:ti_sysbios_family_arm_m3_Hwi_disableInterrupt__E)
                  000118d0    00000044                   : BIOS.obj (.text:ti_sysbios_family_arm_m3_Hwi_enableInterrupt__E)
                  00011914    00000044     ti.targets.arm.rtsarm.aem4f : Error.oem4f (.text:xdc_runtime_Error_setX__E)
                  00011958    00000044                                 : SysMin.oem4f (.text:xdc_runtime_SysMin_flush__E)
                  0001199c    00000042     stk.aem4f : tcpprot.oem4f (.text:TcpPrSendOOB)
                  000119de    00000042               : fileuser.oem4f (.text:fdCloseSession)
                  00011a20    00000042               : socket.oem4f (.text:listen)
                  00011a62    00000042     rtsv7M4_T_le_v4SPD16_eabi.lib : u_divt2.obj (.text)
                  00011aa4    00000040     stk.aem4f : lliin.oem4f (.text:LLIValidateRoute)
                  00011ae4    00000040               : nimu.oem4f (.text:NIMUUnregister)
                  00011b24    00000040               : pbm.oem4f (.text:PBM_copy)
                  00011b64    00000040               : sockpcb.oem4f (.text:SockPcbDetach)
                  00011ba4    00000040               : sockpcb.oem4f (.text:SockPcbRtChange)
                  00011be4    00000040               : tcpprot.oem4f (.text:TcpPrDisconnect)
                  00011c24    00000040     os.aem4f : mem.oem4f (.text:mmZeroInit)
                  00011c64    00000040     sysbios.aem4f : BIOS.obj (.text:ti_sysbios_family_arm_lm4_Timer_getCurrentTick__E)
                  00011ca4    00000040                   : BIOS.obj (.text:ti_sysbios_family_arm_lm4_Timer_startup__E)
                  00011ce4    00000040                   : BIOS.obj (.text:ti_sysbios_knl_Swi_startup__E)
                  00011d24    00000040                   : BIOS.obj (.text:ti_sysbios_knl_Task_processVitalTaskFlag__I)
                  00011d64    0000003e     nettool_ipv4.aem4f : dhcpmain.oem4f (.text:DHCPClose)
                  00011da2    0000003e     stk.aem4f : icmp.oem4f (.text:ICMPChecksum)
                  00011de0    0000003e               : nimu.oem4f (.text:NIMUAllocateName)
                  00011e1e    0000003e               : tcpprot.oem4f (.text:TcpPrCtlError)
                  00011e5c    0000003e               : file.oem4f (.text:fdint_unlockfd)
                  00011e9a    0000003e     tcpEcho_pem4f.oem4f (.text:realloc)
                  00011ed8    0000003c     nettool_ipv4.aem4f : config.oem4f (.text:CfgEntryGetData)
                  00011f14    0000003c     driverlib.lib : emac.obj (.text:EMACIntDisable)
                  00011f50    0000003c     stk.aem4f : node.oem4f (.text:NodeUpdatePL)
                  00011f8c    0000003c               : rtable.oem4f (.text:RtWalkBegin)
                  00011fc8    0000003c               : tcpprot.oem4f (.text:TcpPrConnect)
                  00012004    0000003c               : tcptime.oem4f (.text:TcpSetPersist)
                  00012040    0000003c               : rtc.oem4f (.text:_RTCSendRtAdv)
                  0001207c    0000003c     hal_timer_bios.aem4f : lltimer.oem4f (.text:_llTimerInit)
                  000120b8    0000003c     sysbios.aem4f : BIOS.obj (.text:ti_sysbios_family_arm_m3_Hwi_excSvCall__I)
                  000120f4    0000003c                   : BIOS.obj (.text:ti_sysbios_family_arm_m3_TaskSupport_start__E)
                  00012130    0000003c                   : BIOS.obj (.text:ti_sysbios_heaps_HeapMem_init__I)
                  0001216c    0000003c     tcpEcho_pem4f.oem4f (.text:ti_sysbios_knl_Clock_create)
                  000121a8    0000003c     ti.targets.arm.rtsarm.aem4f : Text.oem4f (.text:xdc_runtime_Text_xprintf__I)
                  000121e4    0000003a     driverlib.lib : emac.obj (.text:EMACIntEnable)
                  0001221e    0000003a     stk.aem4f : rtable.oem4f (.text:_RtNodeRemove)
                  00012258    00000038     driverlib.lib : emac.obj (.text:EMACConfigGet)
                  00012290    00000038     stk.aem4f : ipfrag.oem4f (.text:IPReasmTimeout)
                  000122c8    00000038               : node.oem4f (.text:NodeGetRt)
                  00012300    00000038     driverlib.lib : sysctl.obj (.text:SysCtlPeripheralReady)
                  00012338    00000038     os.aem4f : task.oem4f (.text:TaskCreate)
                  00012370    00000038     stk.aem4f : tcpprot.oem4f (.text:TcpClose)
                  000123a8    00000038               : timer.oem4f (.text:TimerHSTick)
                  000123e0    00000038     nettool_ipv4.aem4f : dhcptags.oem4f (.text:dhcpOptionsClear)
                  00012418    00000038     stk.aem4f : file.oem4f (.text:fdint_waitevent)
                  00012450    00000038     sysbios.aem4f : BIOS.obj (.text:ti_sysbios_family_arm_m3_Hwi_excNoIsr__I)
                  00012488    00000038                   : BIOS.obj (.text:ti_sysbios_family_arm_m3_Hwi_getStackInfo__E)
                  000124c0    00000038                   : BIOS.obj (.text:ti_sysbios_knl_Clock_getTicks__E)
                  000124f8    00000038                   : BIOS.obj (.text:ti_sysbios_knl_Semaphore_pendTimeout__I)
                  00012530    00000038     ti.targets.arm.rtsarm.aem4f : SysMin.oem4f (.text:xdc_runtime_SysMin_putch__E)
                  00012568    00000038                                 : System.oem4f (.text:xdc_runtime_System_atexit__E)
                  000125a0    00000034     nettool_ipv4.aem4f : config.oem4f (.text:CfgSetService)
                  000125d4    00000034     driverlib.lib : emac.obj (.text:EMACConfigSet)
                  00012608    00000034                   : emac.obj (.text:EMACIntClear)
                  0001263c    00000034     emac_tivaware.aem4f : EMAC.oem4f (.text:EMAC_init)
                  00012670    00000034     stk.aem4f : ip.oem4f (.text:IPChecksum)
                  000126a4    00000034               : nimu.oem4f (.text:NIMUFindByName)
                  000126d8    00000034               : nimu.oem4f (.text:NIMUInit)
                  0001270c    00000034               : sock.oem4f (.text:SockGetName)
                  00012740    00000034     driverlib.lib : sysctl.obj (.text:SysCtlPeripheralEnable)
                  00012774    00000034     nettool_ipv4.aem4f : dhcpbild.oem4f (.text:dhcpBuildDiscover)
                  000127a8    00000034     os.aem4f : mem.oem4f (.text:mmUnInitPage)
                  000127dc    00000034     sysbios.aem4f : BIOS.obj (.text:ti_sysbios_family_arm_m3_Hwi_excNmi__I)
                  00012810    00000034                   : BIOS.obj (.text:ti_sysbios_hal_Hwi_checkStack)
                  00012844    00000034     tcpEcho_pem4f.oem4f (.text:ti_sysbios_knl_Semaphore_create)
                  00012878    00000034     sysbios.aem4f : BIOS.obj (.text:ti_sysbios_knl_Task_restore__E)
                  000128ac    00000034     ti.targets.arm.rtsarm.aem4f : Core-label.oem4f (.text:xdc_runtime_Core_assignLabel__I)
                  000128e0    00000033                                 : Text.oem4f (.text:xdc_runtime_Text_printVisFxn__I)
                  00012913    00000001     --HOLE-- [fill = 0]
                  00012914    00000032     nettool_ipv4.aem4f : config.oem4f (.text:CfgGetImmediate)
                  00012946    00000032     stk.aem4f : route.oem4f (.text:RtDeRef)
                  00012978    00000032               : sb.oem4f (.text:SBSetMax)
                  000129aa    00000032               : sock.oem4f (.text:SockIntAbort)
                  000129dc    00000032               : tcpprot.oem4f (.text:TcpPrSend)
                  00012a0e    00000032     nettool_ipv4.aem4f : config.oem4f (.text:_CfgAcquire)
                  00012a40    00000032                        : dhcpsm.oem4f (.text:dhcpIPRemove)
                  00012a72    00000030     driverlib.lib : emac.obj (.text:EMACAddrSet)
                  00012aa2    00000002     --HOLE-- [fill = 0]
                  00012aa4    00000030     emac_tivaware.aem4f : EMACSnow.oem4f (.text:EMACSnow_handlePackets)
                  00012ad4    00000030     netctrl_min_ipv4.aem4f : netsrv.oem4f (.text:NS_PreBoot)
                  00012b04    00000030     stk.aem4f : sb.oem4f (.text:SBFlush)
                  00012b34    00000030               : sock.oem4f (.text:SockBind)
                  00012b64    00000030               : sockpcb.oem4f (.text:SockCleanPcb)
                  00012b94    00000030               : sockprot.oem4f (.text:SockPrCtlError)
                  00012bc4    00000030     nettool_ipv4.aem4f : dhcpsock.oem4f (.text:dhcpPacketSend)
                  00012bf4    00000030     stk.aem4f : listlib.oem4f (.text:list_remove_node)
                  00012c24    00000030     rtsv7M4_T_le_v4SPD16_eabi.lib : strncpy.obj (.text)
                  00012c54    00000030     tcpEcho_pem4f.oem4f (.text:ti_sysbios_BIOS_atExitFunc__I)
                  00012c84    00000030     tcpEcho_pem4f.oem4f (.text:ti_sysbios_gates_GateHwi_Object__create__S)
                  00012cb4    00000030     tcpEcho_pem4f.oem4f (.text:ti_sysbios_gates_GateMutex_Object__create__S)
                  00012ce4    00000030     tcpEcho_pem4f.oem4f (.text:ti_sysbios_heaps_HeapMem_Object__create__S)
                  00012d14    00000030     tcpEcho_pem4f.oem4f (.text:ti_sysbios_knl_Semaphore_construct)
                  00012d44    00000030     ti.targets.arm.rtsarm.aem4f : SysMin.oem4f (.text:xdc_runtime_SysMin_abort__E)
                  00012d74    00000030                                 : System.oem4f (.text:xdc_runtime_System_processAtExit__E)
                  00012da4    0000002e     stk.aem4f : rawethsock.oem4f (.text:RawEthSockNotify)
                  00012dd2    0000002e               : route.oem4f (.text:RtSetFailure)
                  00012e00    0000002e               : sb.oem4f (.text:SBFree)
                  00012e2e    0000002e     tcpEcho_pem4f.oem4f (.text:malloc)
                  00012e5c    0000002e     rtsv7M4_T_le_v4SPD16_eabi.lib : i_tofd_t2.obj (.text)
                  00012e8a    00000002     --HOLE-- [fill = 0]
                  00012e8c    0000002c     EK_TM4C1294XL.obj (.text:EK_TM4C1294XL_initGPIO)
                  00012eb8    0000002c     driverlib.lib : emac.obj (.text:EMACIntStatus)
                  00012ee4    0000002c     stk.aem4f : file.oem4f (.text:FdSignalEvent)
                  00012f10    0000002c               : nimu.oem4f (.text:NIMUAllocateIndex)
                  00012f3c    0000002c               : nimu.oem4f (.text:NIMUPacketServiceCheck)
                  00012f68    0000002c               : pipe.oem4f (.text:PipeClose)
                  00012f94    0000002c               : sockpcb.oem4f (.text:SockPcbAttach)
                  00012fc0    0000002c     Boot.aem4f : Boot_sysctl.oem4f (.text:_SysCtlMemTimingGet)
                  00012fec    0000002c     sysbios.aem4f : BIOS.obj (.text:ti_sysbios_hal_Hwi_initStack)
                  00013018    0000002c                   : BIOS.obj (.text:ti_sysbios_knl_Clock_Module_startup__E)
                  00013044    0000002c     tcpEcho_pem4f.oem4f (.text:ti_sysbios_knl_Clock_doTick__I)
                  00013070    0000002c     tcpEcho_pem4f.oem4f (.text:ti_sysbios_knl_Queue_construct)
                  0001309c    0000002c     ti.targets.arm.rtsarm.aem4f : Text.oem4f (.text:xdc_runtime_Text_cordText__E)
                  000130c8    0000002a     driverlib.lib : gpio.obj (.text:GPIODirModeSet)
                  000130f2    0000002a     stk.aem4f : pbm.oem4f (.text:PBMQ_deq)
                  0001311c    0000002a     nettool_ipv4.aem4f : config.oem4f (.text:_CfgRelease)
                  00013146    0000002a                        : dhcpsock.oem4f (.text:dhcpPacketReceive)
                  00013170    0000002a     ti.targets.arm.rtsarm.aem4f : System.oem4f (.text:xdc_runtime_System_putchar__I)
                  0001319a    00000002     --HOLE-- [fill = 0]
                  0001319c    00000028     stk.aem4f : bind.oem4f (.text:BindFindByNet)
                  000131c4    00000028     emac_tivaware.aem4f : EMACSnow.oem4f (.text:EMACSnow_isLinkUp)
                  000131ec    00000028                         : EMACSnow.oem4f (.text:EMACSnow_pkt_service)
                  00013214    00000028     stk.aem4f : igmp.oem4f (.text:IGMPTestGroup)
                  0001323c    00000028     netctrl_min_ipv4.aem4f : netctrl.oem4f (.text:NC_SystemClose)
                  00013264    00000028     stk.aem4f : nimu.oem4f (.text:NIMUCreatePacket)
                  0001328c    00000028               : nimu.oem4f (.text:NIMUPacketService)
                  000132b4    00000028     netctrl_min_ipv4.aem4f : netsrv.oem4f (.text:ServiceCallback)
                  000132dc    00000028     stk.aem4f : tcpin.oem4f (.text:TcpEnterTimeWait)
                  00013304    00000028               : vlan.oem4f (.text:VLANFindSourceInterface)
                  0001332c    00000028               : vlan.oem4f (.text:VLANInit)
                  00013354    00000028               : lli.oem4f (.text:_LLIExpListRemove)
                  0001337c    00000028               : lli.oem4f (.text:_LLITimeoutFlush)
                  000133a4    00000028               : rtable.oem4f (.text:_RtExpListRemove)
                  000133cc    00000028     sysbios.aem4f : BIOS.obj (.text:ti_sysbios_hal_Hwi_Instance_init__E)
                  000133f4    00000026     driverlib.lib : emac.obj (.text:EMACPHYRead)
                  0001341a    00000026                   : emac.obj (.text:EMACPHYWrite)
                  00013440    00000026     stk.aem4f : rawethsock.oem4f (.text:RawEthSockClose)
                  00013466    00000026               : route.oem4f (.text:RtSetTimeout)
                  0001348c    00000026     tcpEcho_pem4f.oem4f (.text:ti_ndk_config_udp_init)
                  000134b2    00000026     sysbios.aem4f : m3_Hwi_asm.obj (.text:ti_sysbios_family_arm_m3_Hwi_pendSV__I)
                  000134d8    00000026     ti.targets.arm.rtsarm.aem4f : System.oem4f (.text:xdc_runtime_System_avprintf__E)
                  000134fe    00000024     stk.aem4f : bind.oem4f (.text:BindGetIFByDBCast)
                  00013522    00000002     --HOLE-- [fill = 0]
                  00013524    00000024     emac_tivaware.aem4f : EMACSnow.oem4f (.text:EMACSnow_emacPoll)
                  00013548    00000024                         : EMACSnow.oem4f (.text:EMACSnow_primeRx)
                  0001356c    00000024     stk.aem4f : exec.oem4f (.text:ExecTimer)
                  00013590    00000024     gpio_tivaware.aem4f : GPIO.oem4f (.text:GPIO_init)
                  000135b4    00000024     stk.aem4f : nimu.oem4f (.text:NIMUFindByIndex)
                  000135d8    00000024               : rawethsock_pcb.oem4f (.text:RawEthSockPcbFind)
                  000135fc    00000024               : route.oem4f (.text:RtFree)
                  00013620    00000024               : sockpcb.oem4f (.text:SockPcbCleanup)
                  00013644    00000024               : tcpprot.oem4f (.text:TcpPrListen)
                  00013668    00000024               : tcptime.oem4f (.text:TcpTimeoutWait2)
                  0001368c    00000024               : timer.oem4f (.text:TimerListRemove)
                  000136b0    00000024     nettool_ipv4.aem4f : config.oem4f (.text:_CfgEntryProcess)
                  000136d4    00000024     tcpEcho_pem4f.oem4f (.text:ti_sysbios_BIOS_errorRaiseHook__I)
                  000136f8    00000024     tcpEcho_pem4f.oem4f (.text:ti_sysbios_BIOS_registerRTSLock__I)
                  0001371c    00000024     tcpEcho_pem4f.oem4f (.text:ti_sysbios_BIOS_removeRTSLock__I)
                  00013740    00000024     tcpEcho_pem4f.oem4f (.text:ti_sysbios_BIOS_startFunc__I)
                  00013764    00000024     sysbios.aem4f : BIOS.obj (.text:ti_sysbios_family_arm_m3_Hwi_doTaskRestore__I)
                  00013788    00000024     tcpEcho_pem4f.oem4f (.text:ti_sysbios_gates_GateMutex_Object__delete__S)
                  000137ac    00000024     tcpEcho_pem4f.oem4f (.text:ti_sysbios_knl_Semaphore_Object__delete__S)
                  000137d0    00000024     sysbios.aem4f : BIOS.obj (.text:ti_sysbios_knl_Swi_Module_startup__E)
                  000137f4    00000024     ti.targets.arm.rtsarm.aem4f : System.oem4f (.text:xdc_runtime_System_vprintf__E)
                  00013818    00000022     nettool_ipv4.aem4f : config.oem4f (.text:CfgEntryInfo)
                  0001383a    00000022                        : config.oem4f (.text:CfgEntryRef)
                  0001385c    00000022     stk.aem4f : vlan.oem4f (.text:VLANFindNode)
                  0001387e    00000022     tcpEcho_pem4f.oem4f (.text:xdc_runtime_SysMin_output__I)
                  000138a0    00000020     stk.aem4f : bind.oem4f (.text:BindFindByHost)
                  000138c0    00000020     netctrl_min_ipv4.aem4f : netctrl.oem4f (.text:NC_BootComplete)
                  000138e0    00000020     os.aem4f : task.oem4f (.text:NDK_hookCreate)
                  00013900    00000020     stk.aem4f : nimu.oem4f (.text:NIMUGetNumOfObject)
                  00013920    00000020               : rtc.oem4f (.text:RTCAddHook)
                  00013940    00000020               : rtc.oem4f (.text:RTCRemoveHook)
                  00013960    00000020     tcpEcho_pem4f.oem4f (.text:ti_sysbios_family_arm_m3_Hwi_Object__delete__S)
                  00013980    00000020     sysbios.aem4f : m3_Hwi_asm.obj (.text:ti_sysbios_family_arm_m3_Hwi_excHandlerAsm__I)
                  000139a0    00000020                   : BIOS.obj (.text:ti_sysbios_family_arm_m3_Hwi_excHandler__I)
                  000139c0    00000020     tcpEcho_pem4f.oem4f (.text:ti_sysbios_gates_GateHwi_Object__delete__S)
                  000139e0    00000020     tcpEcho_pem4f.oem4f (.text:ti_sysbios_hal_Hwi_Object__delete__S)
                  00013a00    00000020     tcpEcho_pem4f.oem4f (.text:ti_sysbios_heaps_HeapMem_Object__delete__S)
                  00013a20    00000020     sysbios.aem4f : BIOS.obj (.text:ti_sysbios_knl_Idle_run__E)
                  00013a40    00000020     tcpEcho_pem4f.oem4f (.text:ti_sysbios_knl_Semaphore_Object__destruct__S)
                  00013a60    00000020     tcpEcho_pem4f.oem4f (.text:ti_sysbios_knl_Swi_Object__delete__S)
                  00013a80    00000020     tcpEcho_pem4f.oem4f (.text:ti_sysbios_knl_Task_Object__delete__S)
                  00013aa0    00000020     sysbios.aem4f : BIOS.obj (.text:ti_sysbios_knl_Task_enter__I)
                  00013ac0    00000020                   : BIOS.obj (.text:ti_sysbios_knl_Task_sleepTimeout__I)
                  00013ae0    00000020     ti.targets.arm.rtsarm.aem4f : Registry.oem4f (.text:xdc_runtime_Registry_findById__E)
                  00013b00    00000020                                 : SysMin.oem4f (.text:xdc_runtime_SysMin_Module_startup__E)
                  00013b20    0000001e     stk.aem4f : lli.oem4f (.text:LLIFree)
                  00013b3e    0000001e               : listlib.oem4f (.text:list_remove)
                  00013b5c    0000001e     sysbios.aem4f : m3_Hwi_asm_switch.obj (.text:ti_sysbios_family_xxx_Hwi_switchAndRunFunc)
                  00013b7a    0000001e     tcpEcho_pem4f.oem4f (.text:ti_sysbios_hal_Hwi_HwiProxy_create)
                  00013b98    0000001c     stk.aem4f : bind.oem4f (.text:BindFindByIF)
                  00013bb4    0000001c     emac_tivaware.aem4f : EMACSnow.oem4f (.text:EMACSnow_init)
                  00013bd0    0000001c     stk.aem4f : exec.oem4f (.text:ExecBroadcast)
                  00013bec    0000001c               : exec.oem4f (.text:ExecClose)
                  00013c08    0000001c     os.aem4f : ossys.oem4f (.text:NDK_sprintf)
                  00013c24    0000001c     stk.aem4f : nimu.oem4f (.text:NIMUAddHeader)
                  00013c40    0000001c               : sockprot.oem4f (.text:SockPrDetach)
                  00013c5c    0000001c     os.aem4f : task.oem4f (.text:TaskDestroy)
                  00013c78    0000001c     stk.aem4f : tcp.oem4f (.text:TcpTimeoutRemove)
                  00013c94    0000001c     rtsv7M4_T_le_v4SPD16_eabi.lib : memccpy.obj (.text)
                  00013cb0    0000001c     tcpEcho_pem4f.oem4f (.text:ti_sysbios_BIOS_rtsLock__I)
                  00013ccc    0000001c     sysbios.aem4f : BIOS.obj (.text:ti_sysbios_gates_GateMutex_Instance_init__E)
                  00013ce8    0000001c     tcpEcho_pem4f.oem4f (.text:ti_sysbios_knl_Queue_Object__destruct__S)
                  00013d04    0000001c     ti.targets.arm.rtsarm.aem4f : Error.oem4f (.text:xdc_runtime_Error_raiseX__E)
                  00013d20    0000001c                                 : Memory.oem4f (.text:xdc_runtime_Memory_valloc__E)
                  00013d3c    0000001c                                 : SysMin.oem4f (.text:xdc_runtime_SysMin_exit__E)
                  00013d58    0000001c                                 : System.oem4f (.text:xdc_runtime_System_abort__E)
                  00013d74    0000001a     stk.aem4f : sockint.oem4f (.text:SockSetOOBMark)
                  00013d8e    0000001a               : file.oem4f (.text:fdint_getfdt)
                  00013da8    0000001a     tcpEcho_pem4f.oem4f (.text:ti_sysbios_family_arm_m3_Hwi_Handle__label__S)
                  00013dc2    0000001a     tcpEcho_pem4f.oem4f (.text:ti_sysbios_gates_GateHwi_Handle__label__S)
                  00013ddc    0000001a     tcpEcho_pem4f.oem4f (.text:ti_sysbios_gates_GateMutex_Handle__label__S)
                  00013df6    0000001a     tcpEcho_pem4f.oem4f (.text:ti_sysbios_heaps_HeapMem_Handle__label__S)
                  00013e10    0000001a     tcpEcho_pem4f.oem4f (.text:ti_sysbios_knl_Swi_Handle__label__S)
                  00013e2a    0000001a     tcpEcho_pem4f.oem4f (.text:ti_sysbios_knl_Task_Handle__label__S)
                  00013e44    0000001a     tcpEcho_pem4f.oem4f (.text:xdc_runtime_System_aprintf__E)
                  00013e5e    0000001a     tcpEcho_pem4f.oem4f (.text:xdc_runtime_System_printf__E)
                  00013e78    00000018     emac_tivaware.aem4f : EMACSnow.oem4f (.text:EMACSnow_emacSend)
                  00013e90    00000018     driverlib.lib : gpio.obj (.text:GPIOPinTypeGPIOOutput)
                  00013ea8    00000018     stk.aem4f : ip.oem4f (.text:IPRtChange)
                  00013ec0    00000018               : rawethsock_pcb.oem4f (.text:RawEthSockPcbCleanup)
                  00013ed8    00000018     nettool_ipv4.aem4f : ipaddr.oem4f (.text:RouteHook)
                  00013ef0    00000018     stk.aem4f : tcpin.oem4f (.text:SEQ_GEQ)
                  00013f08    00000018               : tcpout.oem4f (.text:SEQ_GEQ)
                  00013f20    00000018               : tcpin.oem4f (.text:SEQ_GT)
                  00013f38    00000018               : tcpout.oem4f (.text:SEQ_GT)
                  00013f50    00000018               : tcpin.oem4f (.text:SEQ_LEQ)
                  00013f68    00000018               : tcpout.oem4f (.text:SEQ_LEQ)
                  00013f80    00000018               : tcpin.oem4f (.text:SEQ_LT)
                  00013f98    00000018               : tcpout.oem4f (.text:SEQ_LT)
                  00013fb0    00000018               : tcp.oem4f (.text:TcpTimeoutAdd)
                  00013fc8    00000018     nettool_ipv4.aem4f : dhcpsock.oem4f (.text:dhcpSocketClose)
                  00013fe0    00000018     tcpEcho_pem4f.oem4f (.text:free)
                  00013ff8    00000018     stk.aem4f : listlib.oem4f (.text:list_add)
                  00014010    00000018     rtsv7M4_T_le_v4SPD16_eabi.lib : args_main.obj (.text)
                  00014028    00000018                                   : ll_mul_t2.obj (.text)
                  00014040    00000018                                   : strcmp.obj (.text)
                  00014058    00000018     tcpEcho_pem4f.oem4f (.text:ti_sysbios_BIOS_rtsUnlock__I)
                  00014070    00000018     tcpEcho_pem4f.oem4f (.text:ti_sysbios_family_arm_lm4_Timer_Module__startupDone__F)
                  00014088    00000018     tcpEcho_pem4f.oem4f (.text:ti_sysbios_family_arm_m3_Hwi_Module__startupDone__F)
                  000140a0    00000018     sysbios.aem4f : m3_TaskSupport_asm.obj (.text:ti_sysbios_family_arm_m3_TaskSupport_swap__E)
                  000140b8    00000018                   : BIOS.obj (.text:ti_sysbios_gates_GateMutex_leave__E)
                  000140d0    00000018                   : BIOS.obj (.text:ti_sysbios_knl_Semaphore_reset__E)
                  000140e8    00000018     ti.targets.arm.rtsarm.aem4f : Error.oem4f (.text:xdc_runtime_Error_check__E)
                  00014100    00000018                                 : System.oem4f (.text:xdc_runtime_System_exit__E)
                  00014118    00000018                                 : Text.oem4f (.text:xdc_runtime_Text_ropeText__E)
                  00014130    00000016     stk.aem4f : bind.oem4f (.text:BindGetIP)
                  00014146    00000016     driverlib.lib : emac.obj (.text:EMACReset)
                  0001415c    00000016                   : emac.obj (.text:EMACRxEnable)
                  00014172    00000016                   : emac.obj (.text:EMACTxEnable)
                  00014188    00000016     stk.aem4f : file.oem4f (.text:fdint_freefdt)
                  0001419e    00000016     rtsv7M4_T_le_v4SPD16_eabi.lib : memchr.obj (.text)
                  000141b4    00000016                                   : strchr.obj (.text)
                  000141ca    00000016     tcpEcho_pem4f.oem4f (.text:ti_sysbios_BIOS_exitFunc__I)
                  000141e0    00000016     ti.targets.arm.rtsarm.aem4f : System.oem4f (.text:xdc_runtime_System_vsprintf__E)
                  000141f6    00000014     stk.aem4f : bind.oem4f (.text:BindIPHost2IF)
                  0001420a    00000002     --HOLE-- [fill = 0]
                  0001420c    00000014     driverlib.lib : flash.obj (.text:FlashUserGet)
                  00014220    00000014     netctrl_min_ipv4.aem4f : netctrl.oem4f (.text:NC_NetStop)
                  00014234    00000014     stk.aem4f : nimu.oem4f (.text:NIMUSendPacket)
                  00014248    00000014     nettool_ipv4.aem4f : ipaddr.oem4f (.text:NtRemoveNetwork)
                  0001425c    00000014     stk.aem4f : rawethsock_pcb.oem4f (.text:RawEthSockPcbInit)
                  00014270    00000014               : timer.oem4f (.text:TimerFree)
                  00014284    00000014     rtsv7M4_T_le_v4SPD16_eabi.lib : _lock.obj (.text)
                  00014298    00000014                                   : strlen.obj (.text)
                  000142ac    00000014     tcpEcho_pem4f.oem4f (.text:ti_sysbios_family_arm_m3_Hwi_Object__get__S)
                  000142c0    00000014     sysbios.aem4f : BIOS.obj (.text:ti_sysbios_family_arm_m3_Hwi_disableFxn__E)
                  000142d4    00000014                   : BIOS.obj (.text:ti_sysbios_family_arm_m3_Hwi_switchFromBootStack__E)
                  000142e8    00000014                   : BIOS.obj (.text:ti_sysbios_gates_GateHwi_enter__E)
                  000142fc    00000014     tcpEcho_pem4f.oem4f (.text:ti_sysbios_heaps_HeapMem_Object__get__S)
                  00014310    00000014     tcpEcho_pem4f.oem4f (.text:ti_sysbios_knl_Swi_Object__get__S)
                  00014324    00000014     tcpEcho_pem4f.oem4f (.text:ti_sysbios_knl_Task_Object__first__S)
                  00014338    00000014     tcpEcho_pem4f.oem4f (.text:ti_sysbios_knl_Task_Object__next__S)
                  0001434c    00000012     driverlib.lib : gpio.obj (.text:GPIOPinTypeEthernetLED)
                  0001435e    00000012                   : gpio.obj (.text:GPIOPinTypeGPIOInput)
                  00014370    00000012     stk.aem4f : sockprot.oem4f (.text:SockPrAttach)
                  00014382    00000012               : sockint.oem4f (.text:SockSetOOBData)
                  00014394    00000012     rtsv7M4_T_le_v4SPD16_eabi.lib : copy_zero_init.obj (.text:decompress:ZI)
                  000143a6    00000012     nettool_ipv4.aem4f : inetaddr.oem4f (.text:inet_addr)
                  000143b8    00000012     rtsv7M4_T_le_v4SPD16_eabi.lib : xdclass.obj (.text)
                  000143ca    00000012     sysbios.aem4f : BIOS.obj (.text:ti_sysbios_hal_Hwi_Module_startup__E)
                  000143dc    00000012     tcpEcho_pem4f.oem4f (.text:xdc_runtime_Startup_exec__I)
                  000143ee    00000002     --HOLE-- [fill = 0]
                  000143f0    00000010     tcpEcho_pem4f.oem4f (.text:.bootCodeSection:ti_catalog_arm_cortexm4_tiva_ce_Boot_init__I)
                  00014400    00000010     stk.aem4f : bind.oem4f (.text:BindIF2IPHost)
                  00014410    00000010               : bind.oem4f (.text:BindIFNet2IPHost)
                  00014420    00000010     driverlib.lib : emac.obj (.text:EMACFrameFilterSet)
                  00014430    00000010     stk.aem4f : exec.oem4f (.text:ExecHRef)
                  00014440    00000010     netctrl_min_ipv4.aem4f : netctrl.oem4f (.text:NC_IPUpdate)
                  00014450    00000010     stk.aem4f : nimu.oem4f (.text:NIMUGetRsvdSizeInfo)
                  00014460    00000010     rtsv7M4_T_le_v4SPD16_eabi.lib : strcpy.obj (.text)
                  00014470    00000010     sysbios.aem4f : BIOS.obj (.text:ti_sysbios_BIOS_getCpuFreq__E)
                  00014480    00000010                   : BIOS.obj (.text:ti_sysbios_BIOS_setThreadType__E)
                  00014490    00000010                   : BIOS.obj (.text:ti_sysbios_BIOS_start__E)
                  000144a0    00000010                   : m3_TaskSupport_asm.obj (.text:ti_sysbios_family_arm_m3_TaskSupport_glue)
                  000144b0    00000010                   : BIOS.obj (.text:ti_sysbios_gates_GateMutex_Instance_finalize__E)
                  000144c0    00000010     tcpEcho_pem4f.oem4f (.text:ti_sysbios_hal_Hwi_HwiProxy_Object__create__S)
                  000144d0    00000010     sysbios.aem4f : BIOS.obj (.text:ti_sysbios_knl_Semaphore_Instance_finalize__E)
                  000144e0    00000010                   : BIOS.obj (.text:ti_sysbios_knl_Swi_disable__E)
                  000144f0    00000010     tcpEcho_pem4f.oem4f (.text:ti_sysbios_knl_Task_Object__get__S)
                  00014500    00000010     sysbios.aem4f : BIOS.obj (.text:ti_sysbios_knl_Task_disable__E)
                  00014510    00000010     ti.targets.arm.rtsarm.aem4f : Gate.oem4f (.text:xdc_runtime_Gate_leaveSystem__E)
                  00014520    00000010                                 : Memory.oem4f (.text:xdc_runtime_Memory_free__E)
                  00014530    00000010                                 : SysMin.oem4f (.text:xdc_runtime_SysMin_ready__E)
                  00014540    00000010                                 : System.oem4f (.text:xdc_runtime_System_vsnprintf__E)
                  00014550    00000010     tcpEcho_pem4f.oem4f (.text:xdc_runtime_Text_visitRope__I)
                  00014560    0000000e     emac_tivaware.aem4f : EMACSnow.oem4f (.text:EMACSnow_emacioctl)
                  0001456e    0000000e     stk.aem4f : exec.oem4f (.text:ExecLowResource)
                  0001457c    0000000e     rtsv7M4_T_le_v4SPD16_eabi.lib : copy_decompress_none.obj (.text:decompress:none)
                  0001458a    0000000e     sysbios.aem4f : BIOS.obj (.text:ti_sysbios_knl_Queue_empty__E)
                  00014598    0000000c     stk.aem4f : bind.oem4f (.text:BindGetFirst)
                  000145a4    0000000c     nettool_ipv4.aem4f : config.oem4f (.text:CfgSetDefault)
                  000145b0    0000000c     os.aem4f : task.oem4f (.text:NDK_hookInit)
                  000145bc    0000000c     stk.aem4f : nimu.oem4f (.text:NIMUSetRsvdSizeInfo)
                  000145c8    0000000c     os.aem4f : task.oem4f (.text:NotifyLowResource)
                  000145d4    0000000c     stk.aem4f : pbm.oem4f (.text:PBM_close)
                  000145e0    0000000c     os.aem4f : semaphore.oem4f (.text:SemDelete)
                  000145ec    0000000c     hal_timer_bios.aem4f : lltimer.oem4f (.text:_llTimerShutdown)
                  000145f8    0000000c                          : lltimer.oem4f (.text:llTimerGetStartTime)
                  00014604    0000000c     sysbios.aem4f : BIOS.obj (.text:ti_sysbios_family_arm_lm4_Timer_getMaxTicks__E)
                  00014610    0000000c                   : BIOS.obj (.text:ti_sysbios_family_arm_m3_TaskSupport_checkStack__E)
                  0001461c    0000000c                   : BIOS.obj (.text:ti_sysbios_family_arm_m3_TaskSupport_getStackAlignment__E)
                  00014628    0000000c     tcpEcho_pem4f.oem4f (.text:ti_sysbios_knl_Clock_Params__init__S)
                  00014634    0000000c     tcpEcho_pem4f.oem4f (.text:ti_sysbios_knl_Queue_Object__get__S)
                  00014640    0000000c     tcpEcho_pem4f.oem4f (.text:ti_sysbios_knl_Semaphore_Params__init__S)
                  0001464c    0000000c     tcpEcho_pem4f.oem4f (.text:ti_sysbios_knl_Task_Params__init__S)
                  00014658    0000000c     sysbios.aem4f : BIOS.obj (.text:ti_sysbios_knl_Task_self__E)
                  00014664    0000000c     ti.targets.arm.rtsarm.aem4f : Error.oem4f (.text:xdc_runtime_Error_init__E)
                  00014670    0000000c                                 : Gate.oem4f (.text:xdc_runtime_Gate_enterSystem__E)
                  0001467c    0000000c                                 : Memory.oem4f (.text:xdc_runtime_Memory_calloc__E)
                  00014688    0000000c                                 : Memory.oem4f (.text:xdc_runtime_Memory_getMaxDefaultTypeAlign__E)
                  00014694    0000000a     stk.aem4f : file.oem4f (.text:fdint_signalevent)
                  0001469e    0000000a               : file.oem4f (.text:fdint_signaltimeout)
                  000146a8    0000000a     sysbios.aem4f : BIOS.obj (.text:ti_sysbios_hal_Hwi_Instance_finalize__E)
                  000146b2    0000000a     tcpEcho_pem4f.oem4f (.text:xdc_runtime_IHeap_alloc)
                  000146bc    0000000a     tcpEcho_pem4f.oem4f (.text:xdc_runtime_IHeap_free)
                  000146c6    00000008     driverlib.lib : emac.obj (.text:EMACTxDMAPollDemand)
                  000146ce    00000008     stk.aem4f : node.oem4f (.text:NodeFree)
                  000146d6    00000008     os.aem4f : task.oem4f (.text:TaskBlock)
                  000146de    00000008     sysbios.aem4f : BIOS.obj (.text:ti_sysbios_family_arm_lm4_Timer_masterDisable__I)
                  000146e6    00000008                   : BIOS.obj (.text:ti_sysbios_family_arm_m3_Hwi_doSwiRestore__I)
                  000146ee    00000008                   : BIOS.obj (.text:ti_sysbios_family_arm_m3_Hwi_startup__E)
                  000146f6    00000008                   : BIOS.obj (.text:ti_sysbios_knl_Idle_loop__E)
                  000146fe    00000008                   : BIOS.obj (.text:ti_sysbios_knl_Task_getHookContext__E)
                  00014706    00000008                   : BIOS.obj (.text:ti_sysbios_knl_Task_setHookContext__E)
                  0001470e    00000006     driverlib.lib : emac.obj (.text:EMACRxDMADescriptorListSet)
                  00014714    00000006                   : emac.obj (.text:EMACTxDMADescriptorListSet)
                  0001471a    00000006                   : sysctl.obj (.text:SysCtlDelay)
                  00014720    00000006     stk.aem4f : tcpprot.oem4f (.text:TcpPrRecv)
                  00014726    00000006     ti.targets.arm.rtsarm.aem4f : xdc_noinit.oem4f (.text:__xdc__init)
                  0001472c    00000006     rtsv7M4_T_le_v4SPD16_eabi.lib : copy_decompress_rle.obj (.text:decompress:rle24)
                  00014732    00000006     sysbios.aem4f : BIOS.obj (.text:ti_sysbios_family_arm_m3_Hwi_restoreFxn__E)
                  00014738    00000006                   : BIOS.obj (.text:ti_sysbios_gates_GateHwi_leave__E)
                  0001473e    00000006                   : BIOS.obj (.text:ti_sysbios_heaps_HeapMem_isBlocking__E)
                  00014744    00000006                   : BIOS.obj (.text:ti_sysbios_knl_Queue_Instance_init__E)
                  0001474a    00000006     ti.targets.arm.rtsarm.aem4f : System.oem4f (.text:xdc_runtime_System_Module_startup__E)
                  00014750    00000004     stk.aem4f : bind.oem4f (.text:BindGetIF)
                  00014754    00000004               : bind.oem4f (.text:BindGetNext)
                  00014758    00000004     os.aem4f : ossys.oem4f (.text:NDK_vsprintf)
                  0001475c    00000004     stk.aem4f : node.oem4f (.text:NodeSetRt)
                  00014760    00000004               : rawethsock_prot.oem4f (.text:RawEthSockPrAttach)
                  00014764    00000004               : rawethsock_prot.oem4f (.text:RawEthSockPrDetach)
                  00014768    00000004     os.aem4f : semaphore.oem4f (.text:SemPend)
                  0001476c    00000004              : semaphore.oem4f (.text:SemPost)
                  00014770    00000004              : semaphore.oem4f (.text:SemReset)
                  00014774    00000004              : task.oem4f (.text:TaskSelf)
                  00014778    00000004              : task.oem4f (.text:TaskSetPri)
                  0001477c    00000004     hal_ser_stub.aem4f : llserstb.oem4f (.text:_llSerialInit)
                  00014780    00000004     stk.aem4f : listlib.oem4f (.text:list_get_head)
                  00014784    00000004               : listlib.oem4f (.text:list_get_next)
                  00014788    00000004     rtsv7M4_T_le_v4SPD16_eabi.lib : error.obj (.text)
                  0001478c    00000004     tcpEcho_pem4f.oem4f (.text:ti_sysbios_BIOS_RtsGateProxy_enter__E)
                  00014790    00000004     tcpEcho_pem4f.oem4f (.text:ti_sysbios_BIOS_RtsGateProxy_leave__E)
                  00014794    00000004     sysbios.aem4f : BIOS.obj (.text:ti_sysbios_family_arm_lm4_Timer_masterEnable__I)
                  00014798    00000004     tcpEcho_pem4f.oem4f (.text:ti_sysbios_family_arm_m3_TaskSupport_Module__startupDone__S)
                  0001479c    00000004     sysbios.aem4f : BIOS.obj (.text:ti_sysbios_gates_GateHwi_query__E)
                  000147a0    00000004                   : BIOS.obj (.text:ti_sysbios_gates_GateMutex_query__E)
                  000147a4    00000004     tcpEcho_pem4f.oem4f (.text:ti_sysbios_hal_Hwi_HwiProxy_Module__startupDone__S)
                  000147a8    00000004     tcpEcho_pem4f.oem4f (.text:ti_sysbios_hal_Hwi_HwiProxy_Object__delete__S)
                  000147ac    00000004     tcpEcho_pem4f.oem4f (.text:ti_sysbios_hal_Hwi_HwiProxy_delete)
                  000147b0    00000004     tcpEcho_pem4f.oem4f (.text:ti_sysbios_hal_Hwi_delete)
                  000147b4    00000004     tcpEcho_pem4f.oem4f (.text:ti_sysbios_heaps_HeapMem_Module_GateProxy_enter__E)
                  000147b8    00000004     tcpEcho_pem4f.oem4f (.text:ti_sysbios_heaps_HeapMem_Module_GateProxy_leave__E)
                  000147bc    00000004     tcpEcho_pem4f.oem4f (.text:ti_sysbios_knl_Clock_TimerProxy_Module__startupDone__S)
                  000147c0    00000004     tcpEcho_pem4f.oem4f (.text:ti_sysbios_knl_Clock_TimerProxy_getCurrentTick__E)
                  000147c4    00000004     tcpEcho_pem4f.oem4f (.text:ti_sysbios_knl_Clock_TimerProxy_getMaxTicks__E)
                  000147c8    00000004     tcpEcho_pem4f.oem4f (.text:ti_sysbios_knl_Clock_TimerProxy_setNextTick__E)
                  000147cc    00000004     tcpEcho_pem4f.oem4f (.text:ti_sysbios_knl_Queue_destruct)
                  000147d0    00000004     tcpEcho_pem4f.oem4f (.text:ti_sysbios_knl_Semaphore_delete)
                  000147d4    00000004     tcpEcho_pem4f.oem4f (.text:ti_sysbios_knl_Semaphore_destruct)
                  000147d8    00000004     tcpEcho_pem4f.oem4f (.text:ti_sysbios_knl_Swi_delete)
                  000147dc    00000004     tcpEcho_pem4f.oem4f (.text:ti_sysbios_knl_Task_SupportProxy_Module__startupDone__S)
                  000147e0    00000004     tcpEcho_pem4f.oem4f (.text:ti_sysbios_knl_Task_delete)
                  000147e4    00000004     sysbios.aem4f : BIOS.obj (.text:ti_sysbios_knl_Task_startup__E)
                  000147e8    00000004     ti.targets.arm.rtsarm.aem4f : Error.oem4f (.text:xdc_runtime_Error_getMsg__E)
                  000147ec    00000004                                 : Error.oem4f (.text:xdc_runtime_Error_getSite__E)
                  000147f0    00000004     tcpEcho_pem4f.oem4f (.text:xdc_runtime_Memory_HeapProxy_alloc__E)
                  000147f4    00000004     tcpEcho_pem4f.oem4f (.text:xdc_runtime_Memory_HeapProxy_free__E)
                  000147f8    00000004     tcpEcho_pem4f.oem4f (.text:xdc_runtime_System_Module_GateProxy_enter__E)
                  000147fc    00000004     tcpEcho_pem4f.oem4f (.text:xdc_runtime_System_Module_GateProxy_leave__E)
                  00014800    00000004     ti.targets.arm.rtsarm.aem4f : System.oem4f (.text:xdc_runtime_System_aprintf_va__F)
                  00014804    00000004                                 : System.oem4f (.text:xdc_runtime_System_printf_va__F)

.const     0    00014808    00002405     
                  00014808    00001739     tcpEcho_pem4f.oem4f (.const:xdc_runtime_Text_charTab__A)
                  00015f41    00000001     tcpEcho_pem4f.oem4f (.const:ti_sysbios_knl_Clock_tickMode__C)
                  00015f42    00000002     tcpEcho_pem4f.oem4f (.const:ti_catalog_arm_cortexm4_tiva_ce_Boot_Module__id__C)
                  00015f44    00000120     Boot.aem4f : Boot_sysctl.oem4f (.const:g_pppui32XTALtoVCO)
                  00016064    00000102     rtsv7M4_T_le_v4SPD16_eabi.lib : ctype.obj (.const:.string:_ctypes_)
                  00016166    00000002     tcpEcho_pem4f.oem4f (.const:ti_sysbios_family_arm_m3_Hwi_Module__id__C)
                  00016168    00000100     tcpEcho_pem4f.oem4f (.const:.string)
                  00016268    000000d0     tcpEcho_pem4f.oem4f (.const:xdc_runtime_Text_nodeTab__A)
                  00016338    00000090     driverlib.lib : gpio.obj (.const:g_pui32GPIOBaseAddrs)
                  000163c8    0000006c     Boot.aem4f : Boot_sysctl.oem4f (.const:g_pui32Xtals)
                  00016434    00000054     stk.aem4f : sockprot.oem4f (.const:Code2Err)
                  00016488    0000003e               : rtc.oem4f (.const:.string)
                  000164c6    00000002     tcpEcho_pem4f.oem4f (.const:ti_sysbios_family_arm_m3_Hwi_Module__loggerDefined__C)
                  000164c8    0000003c     tcpEcho_pem4f.oem4f (.const:ti_sysbios_knl_Task_Object__PARAMS__C)
                  00016504    00000038     EK_TM4C1294XL.obj (.const)
                  0001653c    00000030     Boot.aem4f : Boot_sysctl.oem4f (.const:g_sXTALtoMEMTIM)
                  0001656c    00000030     EK_TM4C1294XL.obj (.const:gpioHWAttrs)
                  0001659c    00000030     tcpEcho_pem4f.oem4f (.const:ti_sysbios_family_arm_m3_Hwi_Object__PARAMS__C)
                  000165cc    0000002c     tcpEcho_pem4f.oem4f (.const:ti_sysbios_hal_Hwi_Object__PARAMS__C)
                  000165f8    00000028     tcpEcho_pem4f.oem4f (.const:ti_sysbios_heaps_HeapMem_Module__FXNS__C)
[...]
00014635   ti_sysbios_knl_Queue_Object__get__S
00014641   ti_sysbios_knl_Semaphore_Params__init__S
0001464d   ti_sysbios_knl_Task_Params__init__S
00014659   ti_sysbios_knl_Task_self__E
00014665   xdc_runtime_Error_init__E
00014671   xdc_runtime_Gate_enterSystem__E
0001467d   xdc_runtime_Memory_calloc__E
00014689   xdc_runtime_Memory_getMaxDefaultTypeAlign__E
00014695   fdint_signalevent
0001469f   fdint_signaltimeout
000146a9   ti_sysbios_hal_Hwi_Instance_finalize__E
000146c7   EMACTxDMAPollDemand
000146d7   TaskBlock
000146df   ti_sysbios_family_arm_lm4_Timer_masterDisable__I
000146e7   ti_sysbios_family_arm_m3_Hwi_doSwiRestore__I
000146ef   ti_sysbios_family_arm_m3_Hwi_startup__E
000146ef   ti_sysbios_hal_Hwi_HwiProxy_startup__E
000146ef   ti_sysbios_hal_Hwi_startup__E
000146f7   ti_sysbios_knl_Idle_loop__E
000146ff   ti_sysbios_knl_Task_getHookContext__E
00014707   ti_sysbios_knl_Task_setHookContext__E
0001470f   EMACRxDMADescriptorListSet
00014715   EMACTxDMADescriptorListSet
0001471b   SysCtlDelay
00014721   TcpPrRecv
00014727   __xdc__init
0001472d   __TI_decompress_rle24
00014733   OEMSysCritOff
00014733   ti_sysbios_family_arm_m3_Hwi_restoreFxn__E
00014733   ti_sysbios_hal_Hwi_HwiProxy_restore__E
00014733   ti_sysbios_hal_Hwi_restore__E
00014739   ti_sysbios_gates_GateHwi_leave__E
0001473f   ti_sysbios_heaps_HeapMem_isBlocking__E
00014745   ti_sysbios_knl_Queue_Instance_init__E
0001474b   xdc_runtime_System_Module_startup__E
00014751   BindGetIF
00014755   BindGetNext
00014759   NDK_vsprintf
0001475d   NodeSetRt
00014761   RawEthSockPrAttach
00014765   RawEthSockPrDetach
00014769   SemPend
0001476d   SemPost
00014771   SemReset
00014775   TaskSelf
00014779   TaskSetPri
0001477d   _llSerialInit
00014781   list_get_head
00014785   list_get_next
00014789   __abort_execution
0001478d   ti_sysbios_BIOS_RtsGateProxy_enter__E
00014791   ti_sysbios_BIOS_RtsGateProxy_leave__E
00014795   ti_sysbios_family_arm_lm4_Timer_masterEnable__I
00014799   ti_sysbios_family_arm_m3_TaskSupport_Module__startupDone__S
0001479d   ti_sysbios_gates_GateHwi_query__E
0001479d   xdc_runtime_Main_Module_GateProxy_query__E
0001479d   xdc_runtime_System_Module_GateProxy_query__E
000147a1   ti_sysbios_BIOS_RtsGateProxy_query__E
000147a1   ti_sysbios_gates_GateMutex_query__E
000147a1   ti_sysbios_heaps_HeapMem_Module_GateProxy_query__E
000147a5   ti_sysbios_hal_Hwi_HwiProxy_Module__startupDone__S
000147a9   ti_sysbios_hal_Hwi_HwiProxy_Object__delete__S
000147ad   ti_sysbios_hal_Hwi_HwiProxy_delete
000147b1   ti_sysbios_hal_Hwi_delete
000147b5   ti_sysbios_heaps_HeapMem_Module_GateProxy_enter__E
000147b9   ti_sysbios_heaps_HeapMem_Module_GateProxy_leave__E
000147bd   ti_sysbios_knl_Clock_TimerProxy_Module__startupDone__S
000147c1   ti_sysbios_knl_Clock_TimerProxy_getCurrentTick__E
000147c5   ti_sysbios_knl_Clock_TimerProxy_getMaxTicks__E
000147c9   ti_sysbios_knl_Clock_TimerProxy_setNextTick__E
000147cd   ti_sysbios_knl_Queue_destruct
000147d1   ti_sysbios_knl_Semaphore_delete
000147d5   ti_sysbios_knl_Semaphore_destruct
000147d9   ti_sysbios_knl_Swi_delete
000147dd   ti_sysbios_knl_Task_SupportProxy_Module__startupDone__S
000147e1   ti_sysbios_knl_Task_delete
000147e5   ti_sysbios_knl_Task_startup__E
000147e9   xdc_runtime_Error_getMsg__E
000147ed   xdc_runtime_Error_getSite__E
000147f1   xdc_runtime_Memory_HeapProxy_alloc__E
000147f5   xdc_runtime_Memory_HeapProxy_free__E
000147f9   xdc_runtime_System_Module_GateProxy_enter__E
000147fd   xdc_runtime_System_Module_GateProxy_leave__E
00014801   xdc_runtime_System_aprintf_va__F
00014805   xdc_runtime_System_printf_va__F
00014808   xdc_runtime_Text_charTab__A
00015f41   ti_sysbios_knl_Clock_tickMode__C
00015f42   ti_catalog_arm_cortexm4_tiva_ce_Boot_Module__id__C
00016064   _ctypes_
00016166   ti_sysbios_family_arm_m3_Hwi_Module__id__C
00016268   xdc_runtime_Text_nodeTab__A
00016434   Code2Err
000164c6   ti_sysbios_family_arm_m3_Hwi_Module__loggerDefined__C
000164c8   ti_sysbios_knl_Task_Object__PARAMS__C
00016504   emacHWAttrs
00016510   EMAC_config
00016528   GPIO_config
0001656c   gpioHWAttrs
0001659c   ti_sysbios_family_arm_m3_Hwi_Object__PARAMS__C
000165cc   ti_sysbios_hal_Hwi_Object__PARAMS__C
000165f8   ti_sysbios_heaps_HeapMem_Module__FXNS__C
00016620   ti_sysbios_knl_Swi_Object__PARAMS__C
00016648   ti_sysbios_gates_GateHwi_Module__FXNS__C
0001666c   ti_sysbios_gates_GateMutex_Module__FXNS__C
00016690   ti_sysbios_heaps_HeapMem_Object__PARAMS__C
000166b4   ti_sysbios_knl_Clock_Object__PARAMS__C
000166d8   ti_sysbios_knl_Semaphore_Object__PARAMS__C
000166fc   ti_sysbios_family_arm_m3_Hwi_Object__DESC__C
0001671c   ti_sysbios_gates_GateHwi_Object__DESC__C
0001673c   ti_sysbios_gates_GateMutex_Object__DESC__C
0001675c   ti_sysbios_hal_Hwi_Object__DESC__C
0001677c   ti_sysbios_heaps_HeapMem_Object__DESC__C
0001679c   ti_sysbios_knl_Clock_Object__DESC__C
000167bc   ti_sysbios_knl_Queue_Object__DESC__C
000167dc   ti_sysbios_knl_Semaphore_Object__DESC__C
000167fc   ti_sysbios_knl_Swi_Object__DESC__C
0001681c   ti_sysbios_knl_Task_Object__DESC__C
0001683c   xdc_runtime_Startup_sfxnTab__A
0001685c   ti_ndk_config_Global_rawPageSize
00016860   ti_ndk_config_Global_rawPageCount
00016864   ti_ndk_config_Global_smallest
00016868   ti_ndk_config_Global_largest
0001686c   ti_ndk_config_Global_numFrameBuf
00016870   ti_ndk_config_Global_sizeFrameBuf
00016874   networkTaskRove
00016890   ti_sysbios_gates_GateHwi_Object__PARAMS__C
000168a8   ti_sysbios_gates_GateMutex_Object__PARAMS__C
000168c0   ti_sysbios_knl_Queue_Object__PARAMS__C
000168d8   ti_sysbios_knl_Task_hooks__A
000168f0   xdc_runtime_Startup_firstFxns__A
00016915   ti_sysbios_knl_Clock_tickSource__C
00016916   ti_sysbios_gates_GateMutex_Module__id__C
00016918   ROVE_LISTEN_PORT
0001691c   MAX_PACKET_SIZE
00016920   RECV_BUFFER_SIZE
00016924   MAXCONN
00016928   xdc_runtime_Startup_sfxnRts__A
00016940   EMACSnow_fxnTable
00016948   ti_sysbios_family_arm_m3_Hwi_excHookFuncs__A
00016950   ti_sysbios_knl_Idle_funcList__A
00016958   ti_sysbios_knl_Idle_funcList__C
00016960   ti_sysbios_knl_Task_hooks__C
00016968   xdc_runtime_Startup_firstFxns__C
00016970   xdc_runtime_Startup_lastFxns__C
00016978   ti_catalog_arm_cortexm4_tiva_ce_Boot_A_mustNotUseEnhancedClockMode__C
0001697c   ti_catalog_arm_cortexm4_tiva_ce_Boot_Module__diagsEnabled__C
00016980   ti_catalog_arm_cortexm4_tiva_ce_Boot_Module__diagsIncluded__C
00016984   ti_catalog_arm_cortexm4_tiva_ce_Boot_Module__diagsMask__C
00016988   ti_sysbios_family_arm_lm4_Timer_enableFunc__C
0001698c   ti_sysbios_family_arm_lm4_Timer_numTimerDevices__C
00016990   ti_sysbios_family_arm_lm4_Timer_startupNeeded__C
00016994   ti_sysbios_family_arm_m3_Hwi_E_NMI__C
00016998   ti_sysbios_family_arm_m3_Hwi_E_alreadyDefined__C
0001699c   ti_sysbios_family_arm_m3_Hwi_E_busFault__C
000169a0   ti_sysbios_family_arm_m3_Hwi_E_debugMon__C
000169a4   ti_sysbios_family_arm_m3_Hwi_E_hardFault__C
000169a8   ti_sysbios_family_arm_m3_Hwi_E_hwiLimitExceeded__C
000169ac   ti_sysbios_family_arm_m3_Hwi_E_memFault__C
000169b0   ti_sysbios_family_arm_m3_Hwi_E_noIsr__C
000169b4   ti_sysbios_family_arm_m3_Hwi_E_reserved__C
000169b8   ti_sysbios_family_arm_m3_Hwi_E_svCall__C
000169bc   ti_sysbios_family_arm_m3_Hwi_E_usageFault__C
000169c0   ti_sysbios_family_arm_m3_Hwi_LD_end__C
000169c4   ti_sysbios_family_arm_m3_Hwi_LM_begin__C
000169c8   ti_sysbios_family_arm_m3_Hwi_Module__diagsEnabled__C
000169cc   ti_sysbios_family_arm_m3_Hwi_Module__diagsIncluded__C
000169d0   ti_sysbios_family_arm_m3_Hwi_Module__diagsMask__C
000169d4   ti_sysbios_family_arm_m3_Hwi_Module__loggerFxn1__C
000169d8   ti_sysbios_family_arm_m3_Hwi_Module__loggerFxn8__C
000169dc   ti_sysbios_family_arm_m3_Hwi_Module__loggerObj__C
000169e0   ti_sysbios_family_arm_m3_Hwi_NUM_INTERRUPTS__C
000169e4   ti_sysbios_family_arm_m3_Hwi_Object__count__C
000169e8   ti_sysbios_family_arm_m3_Hwi_ccr__C
000169ec   ti_sysbios_family_arm_m3_Hwi_disablePriority__C
000169f0   ti_sysbios_family_arm_m3_Hwi_excHandlerFunc__C
000169f4   ti_sysbios_family_arm_m3_Hwi_excHookFuncs__C
000169f8   ti_sysbios_family_arm_m3_Hwi_nullIsrFunc__C
000169fc   ti_sysbios_family_arm_m3_Hwi_numSparseInterrupts__C
00016a00   ti_sysbios_family_arm_m3_Hwi_priGroup__C
00016a04   ti_sysbios_family_arm_m3_TaskSupport_stackAlignment__C
00016a08   ti_sysbios_gates_GateMutex_A_badContext__C
00016a0c   ti_sysbios_gates_GateMutex_Instance_State_sem__O
00016a10   ti_sysbios_gates_GateMutex_Module__diagsEnabled__C
00016a14   ti_sysbios_gates_GateMutex_Module__diagsIncluded__C
00016a18   ti_sysbios_gates_GateMutex_Module__diagsMask__C
00016a1c   ti_sysbios_hal_Hwi_E_stackOverflow__C
00016a20   ti_sysbios_heaps_HeapMem_A_align__C
00016a24   ti_sysbios_heaps_HeapMem_A_heapSize__C
00016a28   ti_sysbios_heaps_HeapMem_A_invalidFree__C
00016a2c   ti_sysbios_heaps_HeapMem_A_zeroBlock__C
00016a30   ti_sysbios_heaps_HeapMem_E_memory__C
00016a34   ti_sysbios_heaps_HeapMem_Module__diagsEnabled__C
00016a38   ti_sysbios_heaps_HeapMem_Module__diagsIncluded__C
00016a3c   ti_sysbios_heaps_HeapMem_Module__diagsMask__C
00016a40   ti_sysbios_heaps_HeapMem_Module__gateObj__C
00016a44   ti_sysbios_heaps_HeapMem_Object__count__C
00016a48   ti_sysbios_heaps_HeapMem_reqAlign__C
00016a4c   ti_sysbios_knl_Clock_A_badThreadType__C
00016a50   ti_sysbios_knl_Clock_LM_begin__C
00016a54   ti_sysbios_knl_Clock_LM_tick__C
00016a58   ti_sysbios_knl_Clock_LW_delayed__C
00016a5c   ti_sysbios_knl_Clock_Module_State_clockQ__O
00016a60   ti_sysbios_knl_Clock_Module__diagsEnabled__C
00016a64   ti_sysbios_knl_Clock_Module__diagsIncluded__C
00016a68   ti_sysbios_knl_Clock_Module__diagsMask__C
00016a6c   ti_sysbios_knl_Clock_Module__loggerFxn1__C
00016a70   ti_sysbios_knl_Clock_Module__loggerFxn2__C
00016a74   ti_sysbios_knl_Clock_Module__loggerObj__C
00016a78   ti_sysbios_knl_Semaphore_A_badContext__C
00016a7c   ti_sysbios_knl_Semaphore_A_noEvents__C
00016a80   ti_sysbios_knl_Semaphore_A_overflow__C
00016a84   ti_sysbios_knl_Semaphore_A_pendTaskDisabled__C
00016a88   ti_sysbios_knl_Semaphore_Instance_State_pendQ__O
00016a8c   ti_sysbios_knl_Semaphore_LM_pend__C
00016a90   ti_sysbios_knl_Semaphore_LM_post__C
00016a94   ti_sysbios_knl_Semaphore_Module__diagsEnabled__C
00016a98   ti_sysbios_knl_Semaphore_Module__diagsIncluded__C
00016a9c   ti_sysbios_knl_Semaphore_Module__diagsMask__C
00016aa0   ti_sysbios_knl_Semaphore_Module__loggerFxn2__C
00016aa4   ti_sysbios_knl_Semaphore_Module__loggerFxn4__C
00016aa8   ti_sysbios_knl_Semaphore_Module__loggerObj__C
00016aac   ti_sysbios_knl_Swi_A_badPriority__C
00016ab0   ti_sysbios_knl_Swi_LD_end__C
00016ab4   ti_sysbios_knl_Swi_LM_begin__C
00016ab8   ti_sysbios_knl_Swi_LM_post__C
00016abc   ti_sysbios_knl_Swi_Module__diagsEnabled__C
00016ac0   ti_sysbios_knl_Swi_Module__diagsIncluded__C
00016ac4   ti_sysbios_knl_Swi_Module__diagsMask__C
00016ac8   ti_sysbios_knl_Swi_Module__loggerFxn1__C
00016acc   ti_sysbios_knl_Swi_Module__loggerFxn4__C
00016ad0   ti_sysbios_knl_Swi_Module__loggerObj__C
00016ad4   ti_sysbios_knl_Swi_Object__count__C
00016ad8   ti_sysbios_knl_Swi_numPriorities__C
00016adc   ti_sysbios_knl_Task_A_badPriority__C
00016ae0   ti_sysbios_knl_Task_A_badTaskState__C
00016ae4   ti_sysbios_knl_Task_A_badThreadType__C
00016ae8   ti_sysbios_knl_Task_A_badTimeout__C
00016aec   ti_sysbios_knl_Task_A_noPendElem__C
00016af0   ti_sysbios_knl_Task_A_sleepTaskDisabled__C
00016af4   ti_sysbios_knl_Task_E_deleteNotAllowed__C
00016af8   ti_sysbios_knl_Task_E_spOutOfBounds__C
00016afc   ti_sysbios_knl_Task_E_stackOverflow__C
00016b00   ti_sysbios_knl_Task_LD_block__C
00016b04   ti_sysbios_knl_Task_LD_exit__C
00016b08   ti_sysbios_knl_Task_LD_ready__C
00016b0c   ti_sysbios_knl_Task_LM_setPri__C
00016b10   ti_sysbios_knl_Task_LM_sleep__C
00016b14   ti_sysbios_knl_Task_LM_switch__C
00016b18   ti_sysbios_knl_Task_Module_State_inactiveQ__O
00016b1c   ti_sysbios_knl_Task_Module_State_terminatedQ__O
00016b20   ti_sysbios_knl_Task_Module__diagsEnabled__C
00016b24   ti_sysbios_knl_Task_Module__diagsIncluded__C
00016b28   ti_sysbios_knl_Task_Module__diagsMask__C
00016b2c   ti_sysbios_knl_Task_Module__loggerFxn2__C
00016b30   ti_sysbios_knl_Task_Module__loggerFxn4__C
00016b34   ti_sysbios_knl_Task_Module__loggerObj__C
00016b38   ti_sysbios_knl_Task_Object__count__C
00016b3c   ti_sysbios_knl_Task_Object__heap__C
00016b40   ti_sysbios_knl_Task_allBlockedFunc__C
00016b44   ti_sysbios_knl_Task_defaultStackHeap__C
00016b48   ti_sysbios_knl_Task_defaultStackSize__C
00016b4c   ti_sysbios_knl_Task_numConstructedTasks__C
00016b50   ti_sysbios_knl_Task_numPriorities__C
00016b54   xdc_runtime_Assert_E_assertFailed__C
00016b58   xdc_runtime_Core_A_initializedParams__C
00016b5c   xdc_runtime_Core_Module__diagsEnabled__C
00016b60   xdc_runtime_Core_Module__diagsIncluded__C
00016b64   xdc_runtime_Core_Module__diagsMask__C
00016b68   xdc_runtime_Error_E_memory__C
00016b6c   xdc_runtime_Error_Module__diagsEnabled__C
00016b70   xdc_runtime_Error_Module__diagsIncluded__C
00016b74   xdc_runtime_Error_Module__diagsMask__C
00016b78   xdc_runtime_Error_Module__loggerFxn8__C
00016b7c   xdc_runtime_Error_Module__loggerObj__C
00016b80   xdc_runtime_Error_policyFxn__C
00016b84   xdc_runtime_Error_raiseHook__C
00016b88   xdc_runtime_IGateProvider_Interface__BASE__C
00016b8c   xdc_runtime_IHeap_Interface__BASE__C
00016b90   xdc_runtime_IModule_Interface__BASE__C
00016b94   xdc_runtime_Log_L_error__C
00016b98   xdc_runtime_Memory_defaultHeapInstance__C
00016b9c   xdc_runtime_Startup_execImpl__C
00016ba0   xdc_runtime_Startup_maxPasses__C
00016ba4   xdc_runtime_Startup_sfxnRts__C
00016ba8   xdc_runtime_Startup_sfxnTab__C
00016bac   xdc_runtime_SysMin_bufSize__C
00016bb0   xdc_runtime_SysMin_outputFunc__C
00016bb4   xdc_runtime_System_Module__gateObj__C
00016bb8   xdc_runtime_System_abortFxn__C
00016bbc   xdc_runtime_System_exitFxn__C
00016bc0   xdc_runtime_System_extendFxn__C
00016bc4   xdc_runtime_System_maxAtexitHandlers__C
00016bc8   xdc_runtime_Text_charTab__C
00016bcc   xdc_runtime_Text_nameEmpty__C
00016bd0   xdc_runtime_Text_nameStatic__C
00016bd4   xdc_runtime_Text_nameUnknown__C
00016bd8   xdc_runtime_Text_nodeTab__C
00016bdc   xdc_runtime_Text_visitRopeFxn__C
00016be0   ti_sysbios_hal_Hwi_Module__id__C
00016be2   ti_sysbios_heaps_HeapMem_Module__id__C
00016be4   ti_sysbios_knl_Clock_Module__id__C
00016be6   ti_sysbios_knl_Clock_Module__loggerDefined__C
00016be8   ti_sysbios_knl_Semaphore_Module__id__C
00016bea   ti_sysbios_knl_Semaphore_Module__loggerDefined__C
00016bec   ti_sysbios_knl_Swi_Module__id__C
00016bee   ti_sysbios_knl_Swi_Module__loggerDefined__C
00016bf0   ti_sysbios_knl_Task_Module__id__C
00016bf2   ti_sysbios_knl_Task_Module__loggerDefined__C
00016bf4   ti_sysbios_knl_Task_checkStackFlag__C
00016bf6   ti_sysbios_knl_Task_deleteTerminatedTasks__C
00016bf8   ti_sysbios_knl_Task_initStackFlag__C
00016bfa   xdc_runtime_Core_Module__id__C
00016bfc   xdc_runtime_Error_Module__loggerDefined__C
00016bfe   xdc_runtime_Error_maxDepth__C
00016c00   xdc_runtime_Memory_Module__id__C
00016c02   xdc_runtime_SysMin_flushAtExit__C
00016c04   xdc_runtime_Text_charCnt__C
00016c06   xdc_runtime_Text_isLoaded__C
00016c08   xdc_runtime_Text_registryModsLastId__C
00016c0a   xdc_runtime_Text_unnamedModsLastId__C
00016c0c   xdc_runtime_Error_policy__C
0001725c   __TI_Handler_Table_Base
00017268   __TI_Handler_Table_Limit
00017278   __TI_CINIT_Base
00017290   __TI_CINIT_Limit
20000000   ti_sysbios_family_arm_m3_Hwi_ramVectors
20000380   ti_sysbios_heaps_HeapMem_Instance_State_0_buf__A
20005380   ti_ndk_config_Global_pit
20005428   ti_ndk_config_Global_pitBuffer
20009c28   _ICMPIn
20009c74   PBMQ_free
20009c80   ti_ndk_config_Global_pBufMem
2000d880   ti_ndk_config_Global_pHdrMem
2000db78   ti_sysbios_knl_Task_Instance_State_0_stack__A
2000e378   ti_sysbios_knl_Task_Instance_State_1_stack__A
2000e978   ti_sysbios_knl_Task_Instance_State_2_stack__A
2000ec78   ti_sysbios_family_arm_m3_Hwi_dispatchTable
2000efd8   __CIOBUF_
2000f1f8   tcps
2000f364   __TI_tmpnams
2000f524   xdc_runtime_SysMin_Module_State_0_outbuf__A
2000f5a4   ips
2000f60c   nimu_mcb
2000f66c   _ICMPOut
2000f6f8   vlan_mcb
2000f744   udps
2000f784   BlockCount
2000f7a0   BlockMax
2000f7bc   PageCount
2000f7d8   PageMax
2000f818   raweths
2000f828   raws
2000f838   stkEvent
2000f848   tpseudo
2000f854   upseudo
2000f860   emacObjects
2000f894   _IGMPInDiscard
2000f898   _IGMPInQuery
2000f89c   _IGMPInQueryGroup
2000f8a0   _IGMPInResponse
2000f8a4   _IGMPOutResponse
2000f8a8   g_ulStatus
2000f8b8   raweth_pcb
2000f8bc   ti_sysbios_knl_Task_Instance_State_0_hookEnv__A
2000f8c0   ti_sysbios_knl_Task_Instance_State_1_hookEnv__A
2000f8c4   ti_sysbios_knl_Task_Instance_State_2_hookEnv__A
2000f8c8   ti_ndk_config_Global_Id2Size
2000f8e4   ti_ndk_config_Global_HostName
2000f8e8   LocalIPAddr
2000f8ec   LocalIPMask
2000f8f0   GatewayIP
2000f8f4   DomainName
2000f938   ti_sysbios_family_arm_lm4_Timer_Module__root__V
2000f940   ti_sysbios_family_arm_lm4_Timer_Module_State_0_handles__A
2000f960   ti_sysbios_family_arm_lm4_Timer_Module__state__V
2000f96c   ti_sysbios_family_arm_m3_Hwi_Module__root__V
2000f974   ti_sysbios_family_arm_m3_Hwi_Object__table__V
2000f98c   ti_sysbios_family_arm_m3_Hwi_Module_State_0_excActive__A
2000f990   ti_sysbios_family_arm_m3_Hwi_Module_State_0_excContext__A
2000f994   ti_sysbios_family_arm_m3_Hwi_Module_State_0_excStack__A
2000f998   ti_sysbios_gates_GateHwi_Module__root__V
2000f9a0   ti_sysbios_gates_GateHwi_Object__table__V
2000f9a4   ti_sysbios_gates_GateMutex_Module__root__V
2000f9ac   ti_sysbios_hal_Hwi_Module__root__V
2000f9b4   ti_sysbios_heaps_HeapMem_Module__root__V
2000f9bc   ti_sysbios_heaps_HeapMem_Object__table__V
2000f9d4   ti_sysbios_knl_Clock_Module__root__V
2000f9dc   ti_sysbios_knl_Queue_Module__root__V
2000f9e4   ti_sysbios_knl_Semaphore_Module__root__V
2000f9ec   ti_sysbios_knl_Swi_Module__root__V
2000f9f4   ti_sysbios_knl_Swi_Module__state__V
2000fa10   ti_sysbios_knl_Task_Module__root__V
2000fa18   ti_sysbios_knl_Task_Module_State_0_idleTask__A
2000fa1c   xdc_runtime_Error_Module__state__V
2000fa20   xdc_runtime_Memory_Module__state__V
2000fa24   xdc_runtime_Registry_Module__state__V
2000fa2c   xdc_runtime_Startup_Module__state__V
2000fa34   xdc_runtime_SysMin_Module__state__V
2000fa40   xdc_runtime_System_Module_State_0_atexitHandlers__A
2000fa60   xdc_runtime_System_Module__state__V
2000fa68   xdc_runtime_Text_Module__state__V
2000fa70   __xdc__init__addr
2000fa74   _ftable
2000fb64   ti_sysbios_knl_Task_Object__table__V
2000fbfc   TSK_idle
2000fd18   _ipcfg
2000fdcc   ti_sysbios_knl_Swi_Module_State_0_readyQ__A
2000fe4c   ti_sysbios_knl_Task_Module_State_0_readyQ__A
2000ff1c   ti_sysbios_knl_Task_Module__state__V
2000ffe0   ti_sysbios_family_arm_lm4_Timer_Module_State_0_device__A
20010020   ti_sysbios_family_arm_lm4_Timer_Object__table__V
20010060   ti_sysbios_gates_GateMutex_Object__table__V
200100cc   ti_sysbios_family_arm_m3_Hwi_Module__state__V
20010100   enablePrefetch
20010104   phyCounter
20010164   ti_sysbios_knl_Swi_Object__table__V
20010194   ti_sysbios_knl_Clock_Module__state__V
200101c0   pstrMsgName
200101e8   _oscfg
2001020c   PITCount
20010210   PITUsed
20010214   PITHigh
20010230   ti_sysbios_BIOS_Module__state__V
200102b4   NIMUDeviceTable
200102bc   macAddress
200102c4   __TI_ft_end
200102c8   __aeabi_stdin
200102cc   __aeabi_stdout
200102d0   __aeabi_stderr
200102dc   _IGMPForceVersion1
200102f8   _lock
200102fc   _unlock
20010300   __TI_cleanup_ptr
20010304   __TI_dtors_ptr
20010310   _ICMPInErrors
20010314   _ICMPOutErrors
20010318   _IPExecuting
20010330   tcp_iss
20010334   ptTimeFirst
2001035c   main_func_sp
20010364   _IPReasmPtr
20010370   __stack
20010570   __STACK_TOP
20010b70   __STACK_END
40000400   ti_sysbios_family_arm_ducati_CTM_ctm
e000e000   ti_sysbios_family_arm_m3_Hwi_nvic
ffffffff   __binit__
ffffffff   __c_args__
ffffffff   binit
UNDEFED    SHT$$INIT_ARRAY$$Base
UNDEFED    SHT$$INIT_ARRAY$$Limit

[1128 symbols]
